Archive member included because of file (symbol)

c:/program files (x86)/gnu tools arm embedded/4.9 2014q4/bin/../lib/gcc/arm-none-eabi/4.9.3/../../../../arm-none-eabi/lib/armv7e-m/softfp\libm.a(lib_a-s_cos.o)
                              ..\obj\arduimu.o (cos)
c:/program files (x86)/gnu tools arm embedded/4.9 2014q4/bin/../lib/gcc/arm-none-eabi/4.9.3/../../../../arm-none-eabi/lib/armv7e-m/softfp\libm.a(lib_a-s_sin.o)
                              ..\obj\arduimu.o (sin)
c:/program files (x86)/gnu tools arm embedded/4.9 2014q4/bin/../lib/gcc/arm-none-eabi/4.9.3/../../../../arm-none-eabi/lib/armv7e-m/softfp\libm.a(lib_a-w_asin.o)
                              ..\obj\DCM.o (asin)
c:/program files (x86)/gnu tools arm embedded/4.9 2014q4/bin/../lib/gcc/arm-none-eabi/4.9.3/../../../../arm-none-eabi/lib/armv7e-m/softfp\libm.a(lib_a-w_atan2.o)
                              ..\obj\DCM.o (atan2)
c:/program files (x86)/gnu tools arm embedded/4.9 2014q4/bin/../lib/gcc/arm-none-eabi/4.9.3/../../../../arm-none-eabi/lib/armv7e-m/softfp\libm.a(lib_a-w_pow.o)
                              ..\obj\MS5611.o (pow)
c:/program files (x86)/gnu tools arm embedded/4.9 2014q4/bin/../lib/gcc/arm-none-eabi/4.9.3/../../../../arm-none-eabi/lib/armv7e-m/softfp\libm.a(lib_a-w_sqrt.o)
                              ..\obj\DCM.o (sqrt)
c:/program files (x86)/gnu tools arm embedded/4.9 2014q4/bin/../lib/gcc/arm-none-eabi/4.9.3/../../../../arm-none-eabi/lib/armv7e-m/softfp\libm.a(lib_a-e_asin.o)
                              c:/program files (x86)/gnu tools arm embedded/4.9 2014q4/bin/../lib/gcc/arm-none-eabi/4.9.3/../../../../arm-none-eabi/lib/armv7e-m/softfp\libm.a(lib_a-w_asin.o) (__ieee754_asin)
c:/program files (x86)/gnu tools arm embedded/4.9 2014q4/bin/../lib/gcc/arm-none-eabi/4.9.3/../../../../arm-none-eabi/lib/armv7e-m/softfp\libm.a(lib_a-e_atan2.o)
                              c:/program files (x86)/gnu tools arm embedded/4.9 2014q4/bin/../lib/gcc/arm-none-eabi/4.9.3/../../../../arm-none-eabi/lib/armv7e-m/softfp\libm.a(lib_a-w_atan2.o) (__ieee754_atan2)
c:/program files (x86)/gnu tools arm embedded/4.9 2014q4/bin/../lib/gcc/arm-none-eabi/4.9.3/../../../../arm-none-eabi/lib/armv7e-m/softfp\libm.a(lib_a-e_pow.o)
                              c:/program files (x86)/gnu tools arm embedded/4.9 2014q4/bin/../lib/gcc/arm-none-eabi/4.9.3/../../../../arm-none-eabi/lib/armv7e-m/softfp\libm.a(lib_a-w_pow.o) (__ieee754_pow)
c:/program files (x86)/gnu tools arm embedded/4.9 2014q4/bin/../lib/gcc/arm-none-eabi/4.9.3/../../../../arm-none-eabi/lib/armv7e-m/softfp\libm.a(lib_a-e_rem_pio2.o)
                              c:/program files (x86)/gnu tools arm embedded/4.9 2014q4/bin/../lib/gcc/arm-none-eabi/4.9.3/../../../../arm-none-eabi/lib/armv7e-m/softfp\libm.a(lib_a-s_cos.o) (__ieee754_rem_pio2)
c:/program files (x86)/gnu tools arm embedded/4.9 2014q4/bin/../lib/gcc/arm-none-eabi/4.9.3/../../../../arm-none-eabi/lib/armv7e-m/softfp\libm.a(lib_a-e_sqrt.o)
                              c:/program files (x86)/gnu tools arm embedded/4.9 2014q4/bin/../lib/gcc/arm-none-eabi/4.9.3/../../../../arm-none-eabi/lib/armv7e-m/softfp\libm.a(lib_a-w_sqrt.o) (__ieee754_sqrt)
c:/program files (x86)/gnu tools arm embedded/4.9 2014q4/bin/../lib/gcc/arm-none-eabi/4.9.3/../../../../arm-none-eabi/lib/armv7e-m/softfp\libm.a(lib_a-k_cos.o)
                              c:/program files (x86)/gnu tools arm embedded/4.9 2014q4/bin/../lib/gcc/arm-none-eabi/4.9.3/../../../../arm-none-eabi/lib/armv7e-m/softfp\libm.a(lib_a-s_cos.o) (__kernel_cos)
c:/program files (x86)/gnu tools arm embedded/4.9 2014q4/bin/../lib/gcc/arm-none-eabi/4.9.3/../../../../arm-none-eabi/lib/armv7e-m/softfp\libm.a(lib_a-k_rem_pio2.o)
                              c:/program files (x86)/gnu tools arm embedded/4.9 2014q4/bin/../lib/gcc/arm-none-eabi/4.9.3/../../../../arm-none-eabi/lib/armv7e-m/softfp\libm.a(lib_a-e_rem_pio2.o) (__kernel_rem_pio2)
c:/program files (x86)/gnu tools arm embedded/4.9 2014q4/bin/../lib/gcc/arm-none-eabi/4.9.3/../../../../arm-none-eabi/lib/armv7e-m/softfp\libm.a(lib_a-k_sin.o)
                              c:/program files (x86)/gnu tools arm embedded/4.9 2014q4/bin/../lib/gcc/arm-none-eabi/4.9.3/../../../../arm-none-eabi/lib/armv7e-m/softfp\libm.a(lib_a-s_cos.o) (__kernel_sin)
c:/program files (x86)/gnu tools arm embedded/4.9 2014q4/bin/../lib/gcc/arm-none-eabi/4.9.3/../../../../arm-none-eabi/lib/armv7e-m/softfp\libm.a(lib_a-s_atan.o)
                              c:/program files (x86)/gnu tools arm embedded/4.9 2014q4/bin/../lib/gcc/arm-none-eabi/4.9.3/../../../../arm-none-eabi/lib/armv7e-m/softfp\libm.a(lib_a-e_atan2.o) (atan)
c:/program files (x86)/gnu tools arm embedded/4.9 2014q4/bin/../lib/gcc/arm-none-eabi/4.9.3/../../../../arm-none-eabi/lib/armv7e-m/softfp\libm.a(lib_a-s_fabs.o)
[...]
Memory Configuration

Name             Origin             Length             Attributes
rom              0x08000000         0x00100000         xr
ram              0x20000000         0x00020000         xrw
ram1             0x10000000         0x00010000         xrw
*default*        0x00000000         0xffffffff

Linker script and memory map

                0x20020000                _eram = 0x20020000

.text           0x08000000    0x19714
 *(.isr_vector)
 .isr_vector    0x08000000      0x188 ..\obj\startup_stm32f4xx.o
                0x08000000                g_pfnVectors
 *(.text*)
 .text.i2c_MS561101BA_reset
                0x08000188       0x10 ..\obj\MS5611.o
                0x08000188                i2c_MS561101BA_reset
 .text.i2c_MS561101BA_readCalibration
                0x08000198       0x74 ..\obj\MS5611.o
                0x08000198                i2c_MS561101BA_readCalibration
 .text.Baro_init
                0x0800020c       0x1c ..\obj\MS5611.o
                0x0800020c                Baro_init
 .text.i2c_MS561101BA_UT_Start
                0x08000228       0x2c ..\obj\MS5611.o
                0x08000228                i2c_MS561101BA_UT_Start
 .text.i2c_MS561101BA_UP_Start
                0x08000254       0x2c ..\obj\MS5611.o
                0x08000254                i2c_MS561101BA_UP_Start
 .text.i2c_MS561101BA_UP_Read
                0x08000280       0x48 ..\obj\MS5611.o
                0x08000280                i2c_MS561101BA_UP_Read
 .text.i2c_MS561101BA_UT_Read
                0x080002c8       0x48 ..\obj\MS5611.o
                0x080002c8                i2c_MS561101BA_UT_Read
 .text.i2c_MS561101BA_Calculate
                0x08000310      0x16c ..\obj\MS5611.o
                0x08000310                i2c_MS561101BA_Calculate
 *fill*         0x0800047c        0x4 
 .text.Baro_update
                0x08000480      0x198 ..\obj\MS5611.o
                0x08000480                Baro_update
 .text.MS561101BA_I2C_ADDRWrite
                0x08000618      0x10c ..\obj\MS5611.o
                0x08000618                MS561101BA_I2C_ADDRWrite
 .text.MS561101BA_I2C_BufferRead
                0x08000724      0x20c ..\obj\MS5611.o
                0x08000724                MS561101BA_I2C_BufferRead
 .text.innerloop
                0x08000930       0xe0 ..\obj\loops.o
                0x08000930                innerloop
 .text.set_target_heading
                0x08000a10       0x48 ..\obj\loops.o
                0x08000a10                set_target_heading
 .text.heading_hold
                0x08000a58       0xe8 ..\obj\loops.o
                0x08000a58                heading_hold
 .text.roll_hold
                0x08000b40      0x118 ..\obj\loops.o
                0x08000b40                roll_hold
 .text.set_excitation
                0x08000c58       0x98 ..\obj\loops.o
                0x08000c58                set_excitation
 .text.trigger_excitation
                0x08000cf0       0x2c ..\obj\loops.o
                0x08000cf0                trigger_excitation
 .text.carry_out_excitation
                0x08000d1c       0xfc ..\obj\loops.o
                0x08000d1c                carry_out_excitation
 .text.SYSCFG_EXTILineConfig
                0x08000e18       0x84 ..\obj\stm32f4xx_syscfg.o
                0x08000e18                SYSCFG_EXTILineConfig
 .text.USB_OTG_WritePacket
                0x08000e9c       0x78 ..\obj\usb_core.o
                0x08000e9c                USB_OTG_WritePacket
 .text.USB_OTG_ReadPacket
                0x08000f14       0x58 ..\obj\usb_core.o
                0x08000f14                USB_OTG_ReadPacket
 .text.USB_OTG_FlushTxFifo
                0x08000f6c       0x7c ..\obj\usb_core.o
                0x08000f6c                USB_OTG_FlushTxFifo
 .text.USB_OTG_GetMode
                0x08000fe8       0x20 ..\obj\usb_core.o
                0x08000fe8                USB_OTG_GetMode
 .text.USB_OTG_IsDeviceMode
                0x08001008       0x24 ..\obj\usb_core.o
                0x08001008                USB_OTG_IsDeviceMode
 .text.USB_OTG_ReadCoreItr
                0x0800102c       0x30 ..\obj\usb_core.o
                0x0800102c                USB_OTG_ReadCoreItr
 .text.USB_OTG_GetDeviceSpeed
                0x0800105c       0x48 ..\obj\usb_core.o
                0x0800105c                USB_OTG_GetDeviceSpeed
 .text.USB_OTG_EP0Activate
                0x080010a4       0x78 ..\obj\usb_core.o
                0x080010a4                USB_OTG_EP0Activate
 .text.USB_OTG_EPActivate
                0x0800111c       0xdc ..\obj\usb_core.o
                0x0800111c                USB_OTG_EPActivate
 .text.USB_OTG_EPStartXfer
                0x080011f8      0x280 ..\obj\usb_core.o
                0x080011f8                USB_OTG_EPStartXfer
 .text.USB_OTG_EP0StartXfer
                0x08001478      0x1d4 ..\obj\usb_core.o
                0x08001478                USB_OTG_EP0StartXfer
 .text.USB_OTG_EPSetStall
                0x0800164c       0x88 ..\obj\usb_core.o
                0x0800164c                USB_OTG_EPSetStall
 .text.USB_OTG_EPClearStall
                0x080016d4       0x78 ..\obj\usb_core.o
                0x080016d4                USB_OTG_EPClearStall
 .text.USB_OTG_ReadDevAllOutEp_itr
                0x0800174c       0x2c ..\obj\usb_core.o
                0x0800174c                USB_OTG_ReadDevAllOutEp_itr
 .text.USB_OTG_ReadDevOutEP_itr
                0x08001778       0x38 ..\obj\usb_core.o
                0x08001778                USB_OTG_ReadDevOutEP_itr
 .text.USB_OTG_ReadDevAllInEPItr
                0x080017b0       0x2c ..\obj\usb_core.o
                0x080017b0                USB_OTG_ReadDevAllInEPItr
 .text.USB_OTG_EP0_OutStart
                0x080017dc       0x70 ..\obj\usb_core.o
                0x080017dc                USB_OTG_EP0_OutStart
 .text.Normalize
                0x0800184c      0x32c ..\obj\DCM.o
                0x0800184c                Normalize
 .text.Drift_correction
                0x08001b78      0x290 ..\obj\DCM.o
                0x08001b78                Drift_correction
 .text.Accel_adjust
                0x08001e08       0xe8 ..\obj\DCM.o
                0x08001e08                Accel_adjust
 .text.Matrix_update
                0x08001ef0      0x230 ..\obj\DCM.o
                0x08001ef0                Matrix_update
 .text.Euler_angles
                0x08002120       0xb4 ..\obj\DCM.o
                0x08002120                Euler_angles
 .text.delay    0x080021d4       0x34 ..\obj\delay.o
                0x080021d4                delay
 .text.SDIO_DeInit
                0x08002208       0x1c ..\obj\stm32f4xx_sdio.o
                0x08002208                SDIO_DeInit
 .text.SDIO_Init
                0x08002224       0x5c ..\obj\stm32f4xx_sdio.o
                0x08002224                SDIO_Init
 .text.SDIO_ClockCmd
                0x08002280       0x20 ..\obj\stm32f4xx_sdio.o
                0x08002280                SDIO_ClockCmd
 .text.SDIO_SetPowerState
                0x080022a0       0x1c ..\obj\stm32f4xx_sdio.o
                0x080022a0                SDIO_SetPowerState
 .text.SDIO_GetPowerState
                0x080022bc       0x1c ..\obj\stm32f4xx_sdio.o
                0x080022bc                SDIO_GetPowerState
 .text.SDIO_SendCommand
                0x080022d8       0x58 ..\obj\stm32f4xx_sdio.o
                0x080022d8                SDIO_SendCommand
 .text.SDIO_GetCommandResponse
                0x08002330       0x18 ..\obj\stm32f4xx_sdio.o
                0x08002330                SDIO_GetCommandResponse
 .text.SDIO_GetResponse
                0x08002348       0x28 ..\obj\stm32f4xx_sdio.o
                0x08002348                SDIO_GetResponse
 .text.SDIO_DataConfig
                0x08002370       0x5c ..\obj\stm32f4xx_sdio.o
                0x08002370                SDIO_DataConfig
 .text.SDIO_ReadData
                0x080023cc       0x18 ..\obj\stm32f4xx_sdio.o
                0x080023cc                SDIO_ReadData
 .text.SDIO_DMACmd
                0x080023e4       0x20 ..\obj\stm32f4xx_sdio.o
                0x080023e4                SDIO_DMACmd
 .text.SDIO_ITConfig
                0x08002404       0x3c ..\obj\stm32f4xx_sdio.o
                0x08002404                SDIO_ITConfig
 .text.SDIO_GetFlagStatus
                0x08002440       0x34 ..\obj\stm32f4xx_sdio.o
                0x08002440                SDIO_GetFlagStatus
 .text.SDIO_ClearFlag
                0x08002474       0x1c ..\obj\stm32f4xx_sdio.o
                0x08002474                SDIO_ClearFlag
 .text.SDIO_GetITStatus
                0x08002490       0x34 ..\obj\stm32f4xx_sdio.o
                0x08002490                SDIO_GetITStatus
 .text.SDIO_ClearITPendingBit
                0x080024c4       0x1c ..\obj\stm32f4xx_sdio.o
                0x080024c4                SDIO_ClearITPendingBit
 .text.store_offsets
                0x080024e0      0x150 ..\obj\flash.o
                0x080024e0                store_offsets
 .text.restore_offsets
                0x08002630      0x124 ..\obj\flash.o
                0x08002630                restore_offsets
 *fill*         0x08002754        0x4 
 .text.update_battery
                0x08002758      0x140 ..\obj\power_propulsion.o
                0x08002758                update_battery
 .text.update_RPM
                0x08002898       0x80 ..\obj\power_propulsion.o
                0x08002898                update_RPM
 .text.USART_Init
                0x08002918      0x178 ..\obj\stm32f4xx_usart.o
                0x08002918                USART_Init
 .text.USART_Cmd
                0x08002a90       0x40 ..\obj\stm32f4xx_usart.o
                0x08002a90                USART_Cmd
 .text.USART_SendData
                0x08002ad0       0x24 ..\obj\stm32f4xx_usart.o
                0x08002ad0                USART_SendData
 .text.USART_ReceiveData
                0x08002af4       0x20 ..\obj\stm32f4xx_usart.o
                0x08002af4                USART_ReceiveData
 .text.USART_ITConfig
                0x08002b14       0x90 ..\obj\stm32f4xx_usart.o
                0x08002b14                USART_ITConfig
 .text.USART_GetITStatus
                0x08002ba4       0xb8 ..\obj\stm32f4xx_usart.o
                0x08002ba4                USART_GetITStatus
 .text.HMC5883L_Initialize
                0x08002c5c       0x38 ..\obj\HMC5883L.o
                0x08002c5c                HMC5883L_Initialize
 .text.HMC5883L_I2C_ByteWrite
                0x08002c94       0xac ..\obj\HMC5883L.o
                0x08002c94                HMC5883L_I2C_ByteWrite
 .text.SD_Init  0x08002d40       0xb4 ..\obj\stm32f4_discovery_sdio_sd.o
                0x08002d40                SD_Init
 .text.SD_GetStatus
                0x08002df4       0x30 ..\obj\stm32f4_discovery_sdio_sd.o
                0x08002df4                SD_GetStatus
 .text.SD_GetState
                0x08002e24       0x40 ..\obj\stm32f4_discovery_sdio_sd.o
                0x08002e24                SD_GetState
 .text.SD_Detect
                0x08002e64       0x1c ..\obj\stm32f4_discovery_sdio_sd.o
                0x08002e64                SD_Detect
 .text.SD_PowerON
                0x08002e80      0x22c ..\obj\stm32f4_discovery_sdio_sd.o
                0x08002e80                SD_PowerON
 .text.SD_InitializeCards
                0x080030ac      0x18c ..\obj\stm32f4_discovery_sdio_sd.o
                0x080030ac                SD_InitializeCards
 .text.SD_GetCardInfo
                0x08003238      0x5b8 ..\obj\stm32f4_discovery_sdio_sd.o
                0x08003238                SD_GetCardInfo
 .text.SD_EnableWideBusOperation
                0x080037f0       0xd8 ..\obj\stm32f4_discovery_sdio_sd.o
                0x080037f0                SD_EnableWideBusOperation
 .text.SD_SelectDeselect
                0x080038c8       0x4c ..\obj\stm32f4_discovery_sdio_sd.o
                0x080038c8                SD_SelectDeselect
 .text.SD_ReadMultiBlocksFIXED
                0x08003914      0x130 ..\obj\stm32f4_discovery_sdio_sd.o
                0x08003914                SD_ReadMultiBlocksFIXED
 .text.SD_WaitReadOperation
                0x08003a44       0xb8 ..\obj\stm32f4_discovery_sdio_sd.o
                0x08003a44                SD_WaitReadOperation
 .text.SD_WriteMultiBlocksFIXED
                0x08003afc      0x1ac ..\obj\stm32f4_discovery_sdio_sd.o
                0x08003afc                SD_WriteMultiBlocksFIXED
 .text.SD_WaitWriteOperation
                0x08003ca8       0xb8 ..\obj\stm32f4_discovery_sdio_sd.o
                0x08003ca8                SD_WaitWriteOperation
 .text.SD_StopTransfer
                0x08003d60       0x48 ..\obj\stm32f4_discovery_sdio_sd.o
                0x08003d60                SD_StopTransfer
 .text.SD_SendStatus
                0x08003da8       0x78 ..\obj\stm32f4_discovery_sdio_sd.o
                0x08003da8                SD_SendStatus
 .text.SD_ProcessIRQSrc
                0x08003e20       0xc8 ..\obj\stm32f4_discovery_sdio_sd.o
                0x08003e20                SD_ProcessIRQSrc
 .text.CmdError
                0x08003ee8       0x4c ..\obj\stm32f4_discovery_sdio_sd.o
 .text.CmdResp7Error
                0x08003f34       0x78 ..\obj\stm32f4_discovery_sdio_sd.o
 .text.CmdResp1Error
                0x08003fac      0x1a4 ..\obj\stm32f4_discovery_sdio_sd.o
 .text.CmdResp3Error
                0x08004150       0x50 ..\obj\stm32f4_discovery_sdio_sd.o
 .text.CmdResp2Error
                0x080041a0       0x68 ..\obj\stm32f4_discovery_sdio_sd.o
 .text.CmdResp6Error
                0x08004208       0xd0 ..\obj\stm32f4_discovery_sdio_sd.o
 .text.SDEnWideBus
                0x080042d8      0x180 ..\obj\stm32f4_discovery_sdio_sd.o
 .text.FindSCR  0x08004458      0x204 ..\obj\stm32f4_discovery_sdio_sd.o
 .text.crc_accumulate
                0x0800465c       0x60 ..\obj\packets.o
 .text.crc_init
                0x080046bc       0x1c ..\obj\packets.o
 .text.crc_calculate
                0x080046d8       0x40 ..\obj\packets.o
 .text.crc_accumulate_buffer
                0x08004718       0x34 ..\obj\packets.o
 .text.mavlink_get_channel_status
                0x0800474c       0x28 ..\obj\packets.o
 .text._mav_finalize_message_chan_send
                0x08004774       0xc8 ..\obj\packets.o
 .text._mavlink_send_uart
                0x0800483c       0x24 ..\obj\packets.o
 .text.update_variables
                0x08004860      0x290 ..\obj\packets.o
                0x08004860                update_variables
 .text.send_attitude
                0x08004af0       0x20 ..\obj\packets.o
                0x08004af0                send_attitude
 .text.send_attitude_RAW
                0x08004b10       0x20 ..\obj\packets.o
                0x08004b10                send_attitude_RAW
 .text.send_press_temp
                0x08004b30       0x20 ..\obj\packets.o
                0x08004b30                send_press_temp
 .text.send_defections
                0x08004b50        0xc ..\obj\packets.o
                0x08004b50                send_defections
 .text.send_gps_data
                0x08004b5c       0x20 ..\obj\packets.o
                0x08004b5c                send_gps_data
 .text.send_power_propulsion
                0x08004b7c       0x20 ..\obj\packets.o
                0x08004b7c                send_power_propulsion
 .text.send_status
                0x08004b9c       0x74 ..\obj\packets.o
                0x08004b9c                send_status
 .text.send_firmware_version
                0x08004c10       0x20 ..\obj\packets.o
                0x08004c10                send_firmware_version
 .text.send_message
                0x08004c30       0x20 ..\obj\packets.o
                0x08004c30                send_message
 .text.update_sticks
                0x08004c50       0xa8 ..\obj\RC.o
                0x08004c50                update_sticks
 .text.set_trims
                0x08004cf8       0x40 ..\obj\RC.o
                0x08004cf8                set_trims
 .text.disk_initialize
                0x08004d38       0x38 ..\obj\diskio.o
                0x08004d38                disk_initialize
 .text.disk_status
                0x08004d70       0x2c ..\obj\diskio.o
                0x08004d70                disk_status
 .text.disk_read
                0x08004d9c      0x120 ..\obj\diskio.o
                0x08004d9c                disk_read
 .text.disk_write
                0x08004ebc      0x120 ..\obj\diskio.o
                0x08004ebc                disk_write
 .text.disk_ioctl
                0x08004fdc       0x20 ..\obj\diskio.o
                0x08004fdc                disk_ioctl
 .text.get_fattime
                0x08004ffc       0x10 ..\obj\diskio.o
                0x08004ffc                get_fattime
 .text.Default_Reset_Handler
                0x0800500c       0x68 ..\obj\startup_stm32f4xx.o
                0x0800500c                Default_Reset_Handler
                0x0800500c                Reset_Handler
 .text.Default_Handler
                0x08005074        0x8 ..\obj\startup_stm32f4xx.o
                0x08005074                RTC_Alarm_IRQHandler
                0x08005074                HASH_RNG_IRQHandler
                0x08005074                EXTI2_IRQHandler
                0x08005074                TIM8_CC_IRQHandler
                0x08005074                TIM1_CC_IRQHandler
                0x08005074                DMA2_Stream5_IRQHandler
                0x08005074                DMA1_Stream5_IRQHandler
                0x08005074                PVD_IRQHandler
                0x08005074                TAMP_STAMP_IRQHandler
                0x08005074                CAN2_RX1_IRQHandler
                0x08005074                EXTI3_IRQHandler
                0x08005074                TIM8_TRG_COM_TIM14_IRQHandler
                0x08005074                TIM1_UP_TIM10_IRQHandler
                0x08005074                TIM8_UP_TIM13_IRQHandler
                0x08005074                I2C3_ER_IRQHandler
                0x08005074                EXTI0_IRQHandler
                0x08005074                I2C2_EV_IRQHandler
                0x08005074                DMA1_Stream2_IRQHandler
                0x08005074                CAN1_RX0_IRQHandler
                0x08005074                FPU_IRQHandler
                0x08005074                OTG_HS_WKUP_IRQHandler
                0x08005074                CAN2_SCE_IRQHandler
                0x08005074                DMA2_Stream2_IRQHandler
                0x08005074                SPI1_IRQHandler
                0x08005074                TIM6_DAC_IRQHandler
                0x08005074                TIM1_BRK_TIM9_IRQHandler
                0x08005074                DCMI_IRQHandler
                0x08005074                CAN2_RX0_IRQHandler
                0x08005074                DMA2_Stream3_IRQHandler
                0x08005074                USART6_IRQHandler
                0x08005074                CRYP_IRQHandler
                0x08005074                CAN1_RX1_IRQHandler
                0x08005074                UART5_IRQHandler
                0x08005074                DMA2_Stream0_IRQHandler
                0x08005074                TIM4_IRQHandler
                0x08005074                I2C1_EV_IRQHandler
                0x08005074                DMA1_Stream6_IRQHandler
                0x08005074                DMA1_Stream1_IRQHandler
                0x08005074                UART4_IRQHandler
                0x08005074                TIM3_IRQHandler
                0x08005074                RCC_IRQHandler
                0x08005074                TIM8_BRK_TIM12_IRQHandler
                0x08005074                ADC_IRQHandler
                0x08005074                DMA1_Stream7_IRQHandler
                0x08005074                TIM7_IRQHandler
                0x08005074                CAN2_TX_IRQHandler
                0x08005074                TIM5_IRQHandler
                0x08005074                DMA2_Stream7_IRQHandler
                0x08005074                I2C3_EV_IRQHandler
                0x08005074                EXTI9_5_IRQHandler
                0x08005074                RTC_WKUP_IRQHandler
                0x08005074                ETH_WKUP_IRQHandler
                0x08005074                SPI2_IRQHandler
                0x08005074                OTG_HS_EP1_IN_IRQHandler
                0x08005074                DMA1_Stream0_IRQHandler
                0x08005074                CAN1_TX_IRQHandler
                0x08005074                EXTI4_IRQHandler
                0x08005074                FSMC_IRQHandler
                0x08005074                ETH_IRQHandler
                0x08005074                OTG_HS_EP1_OUT_IRQHandler
                0x08005074                WWDG_IRQHandler
                0x08005074                TIM2_IRQHandler
                0x08005074                OTG_FS_WKUP_IRQHandler
                0x08005074                TIM1_TRG_COM_TIM11_IRQHandler
                0x08005074                OTG_HS_IRQHandler
                0x08005074                EXTI1_IRQHandler
                0x08005074                I2C2_ER_IRQHandler
                0x08005074                DMA2_Stream1_IRQHandler
                0x08005074                CAN1_SCE_IRQHandler
                0x08005074                FLASH_IRQHandler
                0x08005074                DMA2_Stream4_IRQHandler
                0x08005074                SPI3_IRQHandler
                0x08005074                DMA1_Stream4_IRQHandler
                0x08005074                I2C1_ER_IRQHandler
                0x08005074                DMA2_Stream6_IRQHandler
                0x08005074                DMA1_Stream3_IRQHandler
 .text.SD_LowLevel_Init
                0x0800507c       0xc4 ..\obj\stm32f4_discovery.o
                0x0800507c                SD_LowLevel_Init
 .text.SD_LowLevel_DMA_TxConfig
                0x08005140       0xa0 ..\obj\stm32f4_discovery.o
                0x08005140                SD_LowLevel_DMA_TxConfig
 .text.SD_LowLevel_DMA_RxConfig
                0x080051e0       0xa0 ..\obj\stm32f4_discovery.o
                0x080051e0                SD_LowLevel_DMA_RxConfig
 .text.mavlink_serial_send
                0x08005280       0x4c ..\obj\MAVLINK_STM32.o
                0x08005280                mavlink_serial_send
 .text.empty_serial_buffer
                0x080052cc       0x44 ..\obj\MAVLINK_STM32.o
                0x080052cc                empty_serial_buffer
 .text.IWDG_WriteAccessCmd
                0x08005310       0x20 ..\obj\stm32f4xx_iwdg.o
                0x08005310                IWDG_WriteAccessCmd
 .text.IWDG_SetPrescaler
                0x08005330       0x20 ..\obj\stm32f4xx_iwdg.o
                0x08005330                IWDG_SetPrescaler
 .text.IWDG_SetReload
                0x08005350       0x20 ..\obj\stm32f4xx_iwdg.o
                0x08005350                IWDG_SetReload
 .text.IWDG_ReloadCounter
                0x08005370       0x18 ..\obj\stm32f4xx_iwdg.o
                0x08005370                IWDG_ReloadCounter
 .text.IWDG_Enable
                0x08005388       0x18 ..\obj\stm32f4xx_iwdg.o
                0x08005388                IWDG_Enable
 .text.USBD_SetupStage
                0x080053a0       0x6c ..\obj\usbd_core.o
 .text.USBD_DataOutStage
                0x0800540c       0xcc ..\obj\usbd_core.o
 .text.USBD_DataInStage
                0x080054d8      0x11c ..\obj\usbd_core.o
 .text.USBD_RunTestMode
                0x080055f4       0x24 ..\obj\usbd_core.o
 .text.USBD_Reset
                0x08005618       0x44 ..\obj\usbd_core.o
 .text.USBD_Resume
                0x0800565c       0x30 ..\obj\usbd_core.o
 .text.USBD_Suspend
                0x0800568c       0x30 ..\obj\usbd_core.o
 .text.USBD_SOF
                0x080056bc       0x2c ..\obj\usbd_core.o
 .text.USBD_SetCfg
                0x080056e8       0x30 ..\obj\usbd_core.o
                0x080056e8                USBD_SetCfg
 .text.USBD_ClrCfg
                0x08005718       0x28 ..\obj\usbd_core.o
                0x08005718                USBD_ClrCfg
 .text.USBD_IsoINIncomplete
                0x08005740       0x20 ..\obj\usbd_core.o
 .text.USBD_IsoOUTIncomplete
                0x08005760       0x20 ..\obj\usbd_core.o
 .text.USBD_DevConnected
                0x08005780       0x24 ..\obj\usbd_core.o
 .text.USBD_DevDisconnected
                0x080057a4       0x34 ..\obj\usbd_core.o
 .text.NVIC_SystemReset
                0x080057d8       0x28 ..\obj\main.o
 .text.main     0x08005800       0xd8 ..\obj\main.o
                0x08005800                main
 .text.NVIC_Configuration
                0x080058d8       0x24 ..\obj\main.o
                0x080058d8                NVIC_Configuration
 .text.IWDT_config
                0x080058fc       0x2c ..\obj\main.o
                0x080058fc                IWDT_config
 .text.vmisc_tasks
                0x08005928      0x294 ..\obj\main.o
                0x08005928                vmisc_tasks
 .text.vIMU_tasks
                0x08005bbc      0x19c ..\obj\main.o
                0x08005bbc                vIMU_tasks
 .text.UBLOX_read
                0x08005d58      0x244 ..\obj\ublox.o
                0x08005d58                UBLOX_read
 .text.parse_gps
                0x08005f9c      0x32c ..\obj\ublox.o
                0x08005f9c                parse_gps
 .text._update_checksum
                0x080062c8       0x50 ..\obj\ublox.o
                0x080062c8                _update_checksum
 .text._send_message
                0x08006318       0x84 ..\obj\ublox.o
                0x08006318                _send_message
 .text._configure_message_rate
                0x0800639c       0x34 ..\obj\ublox.o
                0x0800639c                _configure_message_rate
 .text._configure_gps
                0x080063d0       0xa0 ..\obj\ublox.o
                0x080063d0                _configure_gps
 .text.RCC_LSICmd
                0x08006470       0x20 ..\obj\stm32f4xx_rcc.o
                0x08006470                RCC_LSICmd
 .text.RCC_GetClocksFreq
                0x08006490      0x154 ..\obj\stm32f4xx_rcc.o
                0x08006490                RCC_GetClocksFreq
 .text.RCC_AHB1PeriphClockCmd
                0x080065e4       0x3c ..\obj\stm32f4xx_rcc.o
                0x080065e4                RCC_AHB1PeriphClockCmd
 .text.RCC_APB1PeriphClockCmd
                0x08006620       0x3c ..\obj\stm32f4xx_rcc.o
                0x08006620                RCC_APB1PeriphClockCmd
 .text.RCC_APB2PeriphClockCmd
                0x0800665c       0x3c ..\obj\stm32f4xx_rcc.o
                0x0800665c                RCC_APB2PeriphClockCmd
 .text.RCC_APB1PeriphResetCmd
                0x08006698       0x3c ..\obj\stm32f4xx_rcc.o
                0x08006698                RCC_APB1PeriphResetCmd
 .text.RCC_APB2PeriphResetCmd
                0x080066d4       0x3c ..\obj\stm32f4xx_rcc.o
                0x080066d4                RCC_APB2PeriphResetCmd
 .text.RCC_GetFlagStatus
                0x08006710       0x74 ..\obj\stm32f4xx_rcc.o
                0x08006710                RCC_GetFlagStatus
 .text.RCC_ClearFlag
                0x08006784       0x1c ..\obj\stm32f4xx_rcc.o
                0x08006784                RCC_ClearFlag
 .text.NMI_Handler
                0x080067a0        0xc ..\obj\stm32f4xx_it.o
                0x080067a0                NMI_Handler
 .text.HardFault_Handler
                0x080067ac        0x8 ..\obj\stm32f4xx_it.o
                0x080067ac                HardFault_Handler
 .text.MemManage_Handler
                0x080067b4        0x8 ..\obj\stm32f4xx_it.o
                0x080067b4                MemManage_Handler
 .text.BusFault_Handler
                0x080067bc        0x8 ..\obj\stm32f4xx_it.o
                0x080067bc                BusFault_Handler
 .text.UsageFault_Handler
                0x080067c4        0x8 ..\obj\stm32f4xx_it.o
                0x080067c4                UsageFault_Handler
 .text.DebugMon_Handler
                0x080067cc        0xc ..\obj\stm32f4xx_it.o
                0x080067cc                DebugMon_Handler
 .text.OTG_FS_IRQHandler
                0x080067d8       0x10 ..\obj\stm32f4xx_it.o
                0x080067d8                OTG_FS_IRQHandler
 .text.SDIO_IRQHandler
                0x080067e8        0xc ..\obj\stm32f4xx_it.o
                0x080067e8                SDIO_IRQHandler
 .text.read_adc
                0x080067f4       0x6c ..\obj\arduimu.o
                0x080067f4                read_adc
 .text.IMU_Update_ARDU
                0x08006860      0x25c ..\obj\arduimu.o
                0x08006860                IMU_Update_ARDU
 .text.find_max_min_values
                0x08006abc      0x14c ..\obj\arduimu.o
                0x08006abc                find_max_min_values
 .text.startup_ground
                0x08006c08      0x170 ..\obj\arduimu.o
                0x08006c08                startup_ground
 .text.HMC5883_calculate
                0x08006d78      0x1c4 ..\obj\arduimu.o
                0x08006d78                HMC5883_calculate
 .text.IMU_setup
                0x08006f3c       0x38 ..\obj\arduimu.o
                0x08006f3c                IMU_setup
 .text.zero_altitude
                0x08006f74       0x68 ..\obj\arduimu.o
                0x08006f74                zero_altitude
 .text.mag_calib
                0x08006fdc       0x20 ..\obj\arduimu.o
                0x08006fdc                mag_calib
 .text.xTimerCreateTimerTask
                0x08006ffc       0x58 ..\obj\timers.o
                0x08006ffc                xTimerCreateTimerTask
 .text.xTimerGenericCommand
                0x08007054       0x8c ..\obj\timers.o
                0x08007054                xTimerGenericCommand
 .text.prvProcessExpiredTimer
                0x080070e0       0x70 ..\obj\timers.o
 .text.prvTimerTask
                0x08007150       0x24 ..\obj\timers.o
 .text.prvProcessTimerOrBlockTask
                0x08007174       0x6c ..\obj\timers.o
 .text.prvGetNextExpireTime
                0x080071e0       0x48 ..\obj\timers.o
 .text.prvSampleTimeNow
                0x08007228       0x44 ..\obj\timers.o
 .text.prvInsertTimerInActiveList
                0x0800726c       0x84 ..\obj\timers.o
 .text.prvProcessReceivedCommands
                0x080072f0       0xec ..\obj\timers.o
 .text.prvSwitchTimerLists
                0x080073dc       0xb4 ..\obj\timers.o
 .text.prvCheckForValidListAndQueue
                0x08007490       0x54 ..\obj\timers.o
 .text.create_log_file
                0x080074e4      0x25c ..\obj\log.o
                0x080074e4                create_log_file
 .text.log_data
                0x08007740      0x47c ..\obj\log.o
                0x08007740                log_data
 .text.append_byte_to_array
                0x08007bbc      0x104 ..\obj\log.o
                0x08007bbc                append_byte_to_array
 .text.ADC_config
                0x08007cc0      0x218 ..\obj\ADC.o
                0x08007cc0                ADC_config
 .text.ADC_3_config
                0x08007ed8      0x178 ..\obj\ADC.o
                0x08007ed8                ADC_3_config
 .text.ADC_Init
                0x08008050       0xa8 ..\obj\stm32f4xx_adc.o
                0x08008050                ADC_Init
 .text.ADC_CommonInit
                0x080080f8       0x50 ..\obj\stm32f4xx_adc.o
                0x080080f8                ADC_CommonInit
 .text.ADC_Cmd  0x08008148       0x38 ..\obj\stm32f4xx_adc.o
                0x08008148                ADC_Cmd
 .text.ADC_RegularChannelConfig
                0x08008180      0x194 ..\obj\stm32f4xx_adc.o
                0x08008180                ADC_RegularChannelConfig
 .text.ADC_SoftwareStartConv
                0x08008314       0x20 ..\obj\stm32f4xx_adc.o
                0x08008314                ADC_SoftwareStartConv
 .text.ADC_DMACmd
                0x08008334       0x38 ..\obj\stm32f4xx_adc.o
                0x08008334                ADC_DMACmd
 .text.ADC_DMARequestAfterLastTransferCmd
                0x0800836c       0x38 ..\obj\stm32f4xx_adc.o
                0x0800836c                ADC_DMARequestAfterLastTransferCmd
 .text.RPM_config
                0x080083a4       0x7c ..\obj\RPM.o
                0x080083a4                RPM_config
 .text.EXTI15_10_IRQHandler
                0x08008420       0x30 ..\obj\RPM.o
                0x08008420                EXTI15_10_IRQHandler
 .text.xTaskGenericCreate
                0x08008450      0x160 ..\obj\tasks.o
                0x08008450                xTaskGenericCreate
 .text.vTaskDelay
                0x080085b0       0x50 ..\obj\tasks.o
                0x080085b0                vTaskDelay
 .text.vTaskStartScheduler
                0x08008600       0x70 ..\obj\tasks.o
                0x08008600                vTaskStartScheduler
 .text.vTaskSuspendAll
                0x08008670       0x1c ..\obj\tasks.o
                0x08008670                vTaskSuspendAll
 .text.prvGetExpectedIdleTime
                0x0800868c       0x50 ..\obj\tasks.o
 .text.xTaskResumeAll
                0x080086dc      0x118 ..\obj\tasks.o
                0x080086dc                xTaskResumeAll
 .text.xTaskGetTickCount
                0x080087f4       0x24 ..\obj\tasks.o
                0x080087f4                xTaskGetTickCount
 .text.vTaskStepTick
                0x08008818       0x38 ..\obj\tasks.o
                0x08008818                vTaskStepTick
 .text.xTaskIncrementTick
                0x08008850      0x18c ..\obj\tasks.o
                0x08008850                xTaskIncrementTick
 .text.vTaskSwitchContext
                0x080089dc       0x9c ..\obj\tasks.o
                0x080089dc                vTaskSwitchContext
 .text.vTaskPlaceOnEventList
                0x08008a78       0x6c ..\obj\tasks.o
                0x08008a78                vTaskPlaceOnEventList
 .text.vTaskPlaceOnEventListRestricted
                0x08008ae4       0x50 ..\obj\tasks.o
                0x08008ae4                vTaskPlaceOnEventListRestricted
 .text.xTaskRemoveFromEventList
                0x08008b34       0xac ..\obj\tasks.o
                0x08008b34                xTaskRemoveFromEventList
 .text.vTaskSetTimeOutState
                0x08008be0       0x34 ..\obj\tasks.o
                0x08008be0                vTaskSetTimeOutState
 .text.xTaskCheckForTimeOut
                0x08008c14       0xa0 ..\obj\tasks.o
                0x08008c14                xTaskCheckForTimeOut
 .text.vTaskMissedYield
                0x08008cb4       0x18 ..\obj\tasks.o
                0x08008cb4                vTaskMissedYield
 .text.prvIdleTask
                0x08008ccc       0x60 ..\obj\tasks.o
 .text.eTaskConfirmSleepModeStatus
                0x08008d2c       0x3c ..\obj\tasks.o
                0x08008d2c                eTaskConfirmSleepModeStatus
 .text.prvInitialiseTCBVariables
                0x08008d68       0x90 ..\obj\tasks.o
 .text.prvInitialiseTaskLists
                0x08008df8       0x74 ..\obj\tasks.o
 .text.prvCheckTasksWaitingTermination
                0x08008e6c        0xc ..\obj\tasks.o
 .text.prvAddCurrentTaskToDelayedList
                0x08008e78       0x6c ..\obj\tasks.o
 .text.prvAllocateTCBAndStack
                0x08008ee4       0x64 ..\obj\tasks.o
 .text.xTaskGetCurrentTaskHandle
                0x08008f48       0x20 ..\obj\tasks.o
                0x08008f48                xTaskGetCurrentTaskHandle
 .text.xTaskGetSchedulerState
                0x08008f68       0x3c ..\obj\tasks.o
                0x08008f68                xTaskGetSchedulerState
 .text.vTaskPriorityInherit
                0x08008fa4       0xb4 ..\obj\tasks.o
                0x08008fa4                vTaskPriorityInherit
 .text.vTaskPriorityDisinherit
                0x08009058       0x7c ..\obj\tasks.o
                0x08009058                vTaskPriorityDisinherit
 .text.NVIC_SystemReset
                0x080090d4       0x28 ..\obj\modem.o
 .text.crc_accumulate
                0x080090fc       0x60 ..\obj\modem.o
 .text.modem_config
                0x0800915c       0xcc ..\obj\modem.o
                0x0800915c                modem_config
 .text.xbee_put_char
                0x08009228       0x84 ..\obj\modem.o
                0x08009228                xbee_put_char
 .text.xbee_get_char
                0x080092ac       0x78 ..\obj\modem.o
                0x080092ac                xbee_get_char
 .text.USART1_IRQHandler
                0x08009324       0xd4 ..\obj\modem.o
                0x08009324                USART1_IRQHandler
 .text.parse_modem_data
                0x080093f8      0x10c ..\obj\modem.o
                0x080093f8                parse_modem_data
 .text.CRC_accumulate_rx
                0x08009504       0x60 ..\obj\modem.o
                0x08009504                CRC_accumulate_rx
 .text.calculate_xbee
                0x08009564       0xac ..\obj\modem.o
                0x08009564                calculate_xbee
 .text.externalDataPortInit
                0x08009610       0xd0 ..\obj\externalPackets.o
                0x08009610                externalDataPortInit
 .text.USART3_IRQHandler
                0x080096e0       0xcc ..\obj\externalPackets.o
                0x080096e0                USART3_IRQHandler
 .text.ParseExtDataByte
                0x080097ac       0xa4 ..\obj\externalPackets.o
                0x080097ac                ParseExtDataByte
 .text.ExtGetChar
                0x08009850       0x80 ..\obj\externalPackets.o
                0x08009850                ExtGetChar
 .text.CalculateExtIMU
                0x080098d0      0x148 ..\obj\externalPackets.o
                0x080098d0                CalculateExtIMU
 .text.CalculateExtGPS
                0x08009a18      0x220 ..\obj\externalPackets.o
                0x08009a18                CalculateExtGPS
 .text.PWM_out_config
                0x08009c38      0x2fc ..\obj\PWM_output.o
                0x08009c38                PWM_out_config
 .text.check_servo_limits
                0x08009f34       0x5c ..\obj\PWM_output.o
                0x08009f34                check_servo_limits
 .text.PWM_Set_Duty_Cycle
                0x08009f90      0x18c ..\obj\PWM_output.o
                0x08009f90                PWM_Set_Duty_Cycle
 .text.GPIO_Init
                0x0800a11c      0x11c ..\obj\stm32f4xx_gpio.o
                0x0800a11c                GPIO_Init
 .text.GPIO_WriteBit
                0x0800a238       0x30 ..\obj\stm32f4xx_gpio.o
                0x0800a238                GPIO_WriteBit
 .text.GPIO_PinAFConfig
                0x0800a268       0x90 ..\obj\stm32f4xx_gpio.o
                0x0800a268                GPIO_PinAFConfig
 .text.FLASH_Unlock
                0x0800a2f8       0x2c ..\obj\stm32f4xx_flash.o
                0x0800a2f8                FLASH_Unlock
 .text.FLASH_Lock
                0x0800a324       0x1c ..\obj\stm32f4xx_flash.o
                0x0800a324                FLASH_Lock
 .text.FLASH_EraseSector
                0x0800a340       0xc0 ..\obj\stm32f4xx_flash.o
                0x0800a340                FLASH_EraseSector
 .text.FLASH_ProgramHalfWord
                0x0800a400       0x6c ..\obj\stm32f4xx_flash.o
                0x0800a400                FLASH_ProgramHalfWord
 .text.FLASH_ProgramByte
                0x0800a46c       0x68 ..\obj\stm32f4xx_flash.o
                0x0800a46c                FLASH_ProgramByte
 .text.FLASH_ClearFlag
                0x0800a4d4       0x1c ..\obj\stm32f4xx_flash.o
                0x0800a4d4                FLASH_ClearFlag
 .text.FLASH_GetStatus
                0x0800a4f0       0x68 ..\obj\stm32f4xx_flash.o
                0x0800a4f0                FLASH_GetStatus
 .text.FLASH_WaitForLastOperation
                0x0800a558       0x30 ..\obj\stm32f4xx_flash.o
                0x0800a558                FLASH_WaitForLastOperation
 .text.vListInitialise
                0x0800a588       0x40 ..\obj\list.o
                0x0800a588                vListInitialise
 .text.vListInitialiseItem
                0x0800a5c8       0x18 ..\obj\list.o
                0x0800a5c8                vListInitialiseItem
 .text.vListInsertEnd
                0x0800a5e0       0x48 ..\obj\list.o
                0x0800a5e0                vListInsertEnd
 .text.vListInsert
                0x0800a628       0x70 ..\obj\list.o
                0x0800a628                vListInsert
 .text.uxListRemove
                0x0800a698       0x54 ..\obj\list.o
                0x0800a698                uxListRemove
 .text.SystemInit
                0x0800a6ec       0x68 ..\obj\system_stm32f4xx.o
                0x0800a6ec                SystemInit
 .text.SetSysClock
                0x0800a754       0xf4 ..\obj\system_stm32f4xx.o
 .text._sbrk    0x0800a848       0x40 ..\obj\syscalls.o
                0x0800a848                _sbrk
 .text.DMA_DeInit
                0x0800a888      0x1a4 ..\obj\stm32f4xx_dma.o
                0x0800a888                DMA_DeInit
 .text.DMA_Init
                0x0800aa2c       0xac ..\obj\stm32f4xx_dma.o
                0x0800aa2c                DMA_Init
 .text.DMA_Cmd  0x0800aad8       0x38 ..\obj\stm32f4xx_dma.o
                0x0800aad8                DMA_Cmd
 .text.DMA_FlowControllerConfig
                0x0800ab10       0x34 ..\obj\stm32f4xx_dma.o
                0x0800ab10                DMA_FlowControllerConfig
 .text.DMA_ClearFlag
                0x0800ab44       0x5c ..\obj\stm32f4xx_dma.o
                0x0800ab44                DMA_ClearFlag
 .text.DMA_ITConfig
                0x0800aba0       0x74 ..\obj\stm32f4xx_dma.o
                0x0800aba0                DMA_ITConfig
 .text.gps_comm_init
                0x0800ac14       0x38 ..\obj\gps.o
                0x0800ac14                gps_comm_init
 .text.ublox_init
                0x0800ac4c       0xd4 ..\obj\gps.o
                0x0800ac4c                ublox_init
 .text.USART2_IRQHandler
                0x0800ad20       0xbc ..\obj\gps.o
                0x0800ad20                USART2_IRQHandler
 .text.gps_put_char
                0x0800addc       0x64 ..\obj\gps.o
                0x0800addc                gps_put_char
 .text.gps_puts
                0x0800ae40       0x38 ..\obj\gps.o
                0x0800ae40                gps_puts
 .text.gps_get_char
                0x0800ae78       0x74 ..\obj\gps.o
                0x0800ae78                gps_get_char
 .text.parse_gps_data
                0x0800aeec       0x28 ..\obj\gps.o
                0x0800aeec                parse_gps_data
 *fill*         0x0800af14        0x4 
 .text.calculate_ublox
                0x0800af18      0x4b8 ..\obj\gps.o
                0x0800af18                calculate_ublox
 .text.USB_OTG_BSP_uDelay
                0x0800b3d0       0x34 ..\obj\usb_bsp.o
                0x0800b3d0                USB_OTG_BSP_uDelay
 .text.USBD_StdDevReq
                0x0800b404       0xa0 ..\obj\usbd_req.o
                0x0800b404                USBD_StdDevReq
 .text.USBD_StdItfReq
                0x0800b4a4       0x68 ..\obj\usbd_req.o
                0x0800b4a4                USBD_StdItfReq
 .text.USBD_StdEPReq
                0x0800b50c      0x1b0 ..\obj\usbd_req.o
                0x0800b50c                USBD_StdEPReq
 .text.USBD_GetDescriptor
                0x0800b6bc      0x1b8 ..\obj\usbd_req.o
 .text.USBD_SetAddress
                0x0800b874       0x7c ..\obj\usbd_req.o
 .text.USBD_SetConfig
                0x0800b8f0       0xf4 ..\obj\usbd_req.o
 .text.USBD_GetConfig
                0x0800b9e4       0x60 ..\obj\usbd_req.o
 .text.USBD_GetStatus
                0x0800ba44       0x54 ..\obj\usbd_req.o
 .text.USBD_SetFeature
                0x0800ba98       0xd8 ..\obj\usbd_req.o
 .text.USBD_ClrFeature
                0x0800bb70       0x50 ..\obj\usbd_req.o
 .text.USBD_ParseSetupRequest
                0x0800bbc0       0x90 ..\obj\usbd_req.o
                0x0800bbc0                USBD_ParseSetupRequest
 .text.USBD_CtlError
                0x0800bc50       0x28 ..\obj\usbd_req.o
                0x0800bc50                USBD_CtlError
 .text.xQueueGenericReset
                0x0800bc78       0xb0 ..\obj\queue.o
                0x0800bc78                xQueueGenericReset
 .text.xQueueGenericCreate
                0x0800bd28       0x7c ..\obj\queue.o
                0x0800bd28                xQueueGenericCreate
 .text.xQueueGenericSend
                0x0800bda4      0x160 ..\obj\queue.o
                0x0800bda4                xQueueGenericSend
 .text.xQueueGenericSendFromISR
                0x0800bf04       0xd4 ..\obj\queue.o
                0x0800bf04                xQueueGenericSendFromISR
 .text.xQueueGenericReceive
                0x0800bfd8      0x19c ..\obj\queue.o
                0x0800bfd8                xQueueGenericReceive
 .text.prvCopyDataToQueue
                0x0800c174       0xd0 ..\obj\queue.o
 .text.prvCopyDataFromQueue
                0x0800c244       0x4c ..\obj\queue.o
 .text.prvUnlockQueue
                0x0800c290       0x98 ..\obj\queue.o
 .text.prvIsQueueEmpty
                0x0800c328       0x2c ..\obj\queue.o
 .text.prvIsQueueFull
                0x0800c354       0x30 ..\obj\queue.o
 .text.vQueueWaitForMessageRestricted
                0x0800c384       0x58 ..\obj\queue.o
                0x0800c384                vQueueWaitForMessageRestricted
 .text.pxPortInitialiseStack
                0x0800c3dc       0x60 ..\obj\port.o
                0x0800c3dc                pxPortInitialiseStack
 .text.SVC_Handler
                0x0800c43c       0x1c ..\obj\port.o
                0x0800c43c                SVC_Handler
 .text.prvPortStartFirstTask
                0x0800c458       0x14 ..\obj\port.o
 .text.xPortStartScheduler
                0x0800c46c       0xcc ..\obj\port.o
                0x0800c46c                xPortStartScheduler
 .text.vPortYield
                0x0800c538       0x20 ..\obj\port.o
                0x0800c538                vPortYield
 .text.vPortEnterCritical
                0x0800c558       0x20 ..\obj\port.o
                0x0800c558                vPortEnterCritical
 .text.vPortExitCritical
                0x0800c578       0x24 ..\obj\port.o
                0x0800c578                vPortExitCritical
 .text.ulPortSetInterruptMask
                0x0800c59c       0x14 ..\obj\port.o
                0x0800c59c                ulPortSetInterruptMask
 .text.vPortClearInterruptMask
                0x0800c5b0        0x8 ..\obj\port.o
                0x0800c5b0                vPortClearInterruptMask
 .text.PendSV_Handler
                0x0800c5b8       0x50 ..\obj\port.o
                0x0800c5b8                PendSV_Handler
 .text.SysTick_Handler
                0x0800c608       0x28 ..\obj\port.o
                0x0800c608                SysTick_Handler
 .text.vPortSuppressTicksAndSleep
                0x0800c630      0x128 ..\obj\port.o
                0x0800c630                vPortSuppressTicksAndSleep
 .text.vPortSetupTimerInterrupt
                0x0800c758       0x78 ..\obj\port.o
                0x0800c758                vPortSetupTimerInterrupt
 .text.vPortEnableVFP
                0x0800c7d0       0x14 ..\obj\port.o
 .text.vPortValidateInterruptPriority
                0x0800c7e4       0x58 ..\obj\port.o
                0x0800c7e4                vPortValidateInterruptPriority
 .text.USBD_OTG_ISR_Handler
                0x0800c83c      0x190 ..\obj\usb_dcd_int.o
                0x0800c83c                USBD_OTG_ISR_Handler
 .text.DCD_SessionRequest_ISR
                0x0800c9cc       0x34 ..\obj\usb_dcd_int.o
 .text.DCD_OTG_ISR
                0x0800ca00       0x3c ..\obj\usb_dcd_int.o
 .text.DCD_HandleResume_ISR
                0x0800ca3c       0x80 ..\obj\usb_dcd_int.o
 .text.DCD_HandleUSBSuspend_ISR
                0x0800cabc       0xbc ..\obj\usb_dcd_int.o
 .text.DCD_HandleInEP_ISR
                0x0800cb78      0x19c ..\obj\usb_dcd_int.o
 .text.DCD_HandleOutEP_ISR
                0x0800cd14      0x150 ..\obj\usb_dcd_int.o
 .text.DCD_HandleSof_ISR
                0x0800ce64       0x34 ..\obj\usb_dcd_int.o
 .text.DCD_HandleRxStatusQueueLevel_ISR
                0x0800ce98      0x104 ..\obj\usb_dcd_int.o
 .text.DCD_WriteEmptyTxFifo
                0x0800cf9c       0xe4 ..\obj\usb_dcd_int.o
 .text.DCD_HandleUsbReset_ISR
                0x0800d080      0x120 ..\obj\usb_dcd_int.o
 .text.DCD_HandleEnumDone_ISR
                0x0800d1a0       0x78 ..\obj\usb_dcd_int.o
 .text.DCD_IsoINIncomplete_ISR
                0x0800d218       0x34 ..\obj\usb_dcd_int.o
 .text.DCD_IsoOUTIncomplete_ISR
                0x0800d24c       0x34 ..\obj\usb_dcd_int.o
 .text.DCD_ReadDevInEP
                0x0800d280       0x50 ..\obj\usb_dcd_int.o
 .text.queue_data
                0x0800d2d0       0xa0 ..\obj\debug.o
                0x0800d2d0                queue_data
 .text.debug_put_char
                0x0800d370       0x70 ..\obj\debug.o
                0x0800d370                debug_put_char
 .text.mem_cpy  0x0800d3e0       0x3c ..\obj\ff.o
 .text.mem_set  0x0800d41c       0x34 ..\obj\ff.o
 .text.mem_cmp  0x0800d450       0x50 ..\obj\ff.o
 .text.chk_chr  0x0800d4a0       0x38 ..\obj\ff.o
 .text.move_window
                0x0800d4d8       0xbc ..\obj\ff.o
 .text.sync     0x0800d594      0x14c ..\obj\ff.o
 .text.clust2sect
                0x0800d6e0       0x40 ..\obj\ff.o
                0x0800d6e0                clust2sect
 .text.get_fat  0x0800d720      0x158 ..\obj\ff.o
                0x0800d720                get_fat
 .text.put_fat  0x0800d878      0x1f4 ..\obj\ff.o
                0x0800d878                put_fat
 .text.remove_chain
                0x0800da6c       0x9c ..\obj\ff.o
 .text.create_chain
                0x0800db08      0x118 ..\obj\ff.o
 .text.dir_sdi  0x0800dc20      0x104 ..\obj\ff.o
 .text.dir_next
                0x0800dd24      0x1a8 ..\obj\ff.o
 .text.dir_find
                0x0800decc       0x94 ..\obj\ff.o
 .text.dir_register
                0x0800df60       0xac ..\obj\ff.o
 .text.create_name
                0x0800e00c      0x234 ..\obj\ff.o
 .text.follow_path
                0x0800e240       0xf4 ..\obj\ff.o
 .text.check_fs
                0x0800e334       0xc0 ..\obj\ff.o
 .text.chk_mounted
                0x0800e3f4      0x54c ..\obj\ff.o
 .text.validate
                0x0800e940       0x4c ..\obj\ff.o
 .text.f_mount  0x0800e98c       0x54 ..\obj\ff.o
                0x0800e98c                f_mount
 .text.f_open   0x0800e9e0      0x2e0 ..\obj\ff.o
                0x0800e9e0                f_open
 .text.f_write  0x0800ecc0      0x314 ..\obj\ff.o
                0x0800ecc0                f_write
 .text.f_sync   0x0800efd4      0x184 ..\obj\ff.o
                0x0800efd4                f_sync
 .text.f_close  0x0800f158       0x28 ..\obj\ff.o
                0x0800f158                f_close
 .text.f_lseek  0x0800f180      0x2b4 ..\obj\ff.o
                0x0800f180                f_lseek
 .text.I2C_DeInit
                0x0800f434       0x74 ..\obj\stm32f4xx_i2c.o
                0x0800f434                I2C_DeInit
 .text.I2C_Init
                0x0800f4a8      0x184 ..\obj\stm32f4xx_i2c.o
                0x0800f4a8                I2C_Init
 .text.I2C_Cmd  0x0800f62c       0x40 ..\obj\stm32f4xx_i2c.o
                0x0800f62c                I2C_Cmd
 .text.I2C_GenerateSTART
                0x0800f66c       0x40 ..\obj\stm32f4xx_i2c.o
                0x0800f66c                I2C_GenerateSTART
 .text.I2C_GenerateSTOP
                0x0800f6ac       0x40 ..\obj\stm32f4xx_i2c.o
                0x0800f6ac                I2C_GenerateSTOP
 .text.I2C_Send7bitAddress
                0x0800f6ec       0x3c ..\obj\stm32f4xx_i2c.o
                0x0800f6ec                I2C_Send7bitAddress
 .text.I2C_AcknowledgeConfig
                0x0800f728       0x40 ..\obj\stm32f4xx_i2c.o
                0x0800f728                I2C_AcknowledgeConfig
 .text.I2C_NACKPositionConfig
                0x0800f768       0x40 ..\obj\stm32f4xx_i2c.o
                0x0800f768                I2C_NACKPositionConfig
 .text.I2C_SendData
                0x0800f7a8       0x20 ..\obj\stm32f4xx_i2c.o
                0x0800f7a8                I2C_SendData
 .text.I2C_ReceiveData
                0x0800f7c8       0x1c ..\obj\stm32f4xx_i2c.o
                0x0800f7c8                I2C_ReceiveData
 .text.I2C_CheckEvent
                0x0800f7e4       0x60 ..\obj\stm32f4xx_i2c.o
                0x0800f7e4                I2C_CheckEvent
 .text.I2C_GetFlagStatus
                0x0800f844       0x68 ..\obj\stm32f4xx_i2c.o
                0x0800f844                I2C_GetFlagStatus
 .text.EXTI_Init
                0x0800f8ac       0xe4 ..\obj\stm32f4xx_exti.o
                0x0800f8ac                EXTI_Init
 .text.EXTI_GetITStatus
                0x0800f990       0x48 ..\obj\stm32f4xx_exti.o
                0x0800f990                EXTI_GetITStatus
 .text.EXTI_ClearITPendingBit
                0x0800f9d8       0x1c ..\obj\stm32f4xx_exti.o
                0x0800f9d8                EXTI_ClearITPendingBit
 .text.Vector_Dot_Product
                0x0800f9f4       0x58 ..\obj\vector.o
                0x0800f9f4                Vector_Dot_Product
 .text.Vector_Cross_Product
                0x0800fa4c       0xa8 ..\obj\vector.o
                0x0800fa4c                Vector_Cross_Product
 .text.Vector_Scale
                0x0800faf4       0x48 ..\obj\vector.o
                0x0800faf4                Vector_Scale
 .text.Vector_Add
                0x0800fb3c       0x50 ..\obj\vector.o
                0x0800fb3c                Vector_Add
 .text.NVIC_PriorityGroupConfig
                0x0800fb8c       0x24 ..\obj\misc.o
                0x0800fb8c                NVIC_PriorityGroupConfig
 .text.NVIC_Init
                0x0800fbb0       0xc0 ..\obj\misc.o
                0x0800fbb0                NVIC_Init
 .text.DCD_EP_Open
                0x0800fc70       0xac ..\obj\usb_dcd.o
                0x0800fc70                DCD_EP_Open
 .text.DCD_EP_PrepareRx
                0x0800fd1c       0x84 ..\obj\usb_dcd.o
                0x0800fd1c                DCD_EP_PrepareRx
 .text.DCD_EP_Tx
                0x0800fda0       0x78 ..\obj\usb_dcd.o
                0x0800fda0                DCD_EP_Tx
 .text.DCD_EP_Stall
                0x0800fe18       0x78 ..\obj\usb_dcd.o
                0x0800fe18                DCD_EP_Stall
 .text.DCD_EP_ClrStall
                0x0800fe90       0x78 ..\obj\usb_dcd.o
                0x0800fe90                DCD_EP_ClrStall
 .text.DCD_EP_SetAddress
                0x0800ff08       0x3c ..\obj\usb_dcd.o
                0x0800ff08                DCD_EP_SetAddress
 .text.Matrix_Multiply
                0x0800ff44       0xe0 ..\obj\matrix.o
                0x0800ff44                Matrix_Multiply
 .text.MPU6050_Initialize
                0x08010024       0x20 ..\obj\MPU6050.o
                0x08010024                MPU6050_Initialize
 .text.MPU6050_SetClockSource
                0x08010044       0x20 ..\obj\MPU6050.o
                0x08010044                MPU6050_SetClockSource
 .text.MPU6050_SetFullScaleGyroRange
                0x08010064       0x20 ..\obj\MPU6050.o
                0x08010064                MPU6050_SetFullScaleGyroRange
 .text.MPU6050_SetFullScaleAccelRange
                0x08010084       0x20 ..\obj\MPU6050.o
                0x08010084                MPU6050_SetFullScaleAccelRange
 .text.MPU6050_SetSleepModeStatus
                0x080100a4       0x1c ..\obj\MPU6050.o
                0x080100a4                MPU6050_SetSleepModeStatus
 .text.MPU6050_WriteBits
                0x080100c0       0xa0 ..\obj\MPU6050.o
                0x080100c0                MPU6050_WriteBits
 .text.MPU6050_WriteBit
                0x08010160       0x80 ..\obj\MPU6050.o
                0x08010160                MPU6050_WriteBit
 .text.MPU6050_I2C_Init
                0x080101e0       0x98 ..\obj\MPU6050.o
                0x080101e0                MPU6050_I2C_Init
 .text.MPU6050_I2C_ByteWrite
                0x08010278       0xac ..\obj\MPU6050.o
                0x08010278                MPU6050_I2C_ByteWrite
 .text.MPU6050_I2C_BufferRead
                0x08010324      0x224 ..\obj\MPU6050.o
                0x08010324                MPU6050_I2C_BufferRead
 .text.MPU6050_ConfigMag
                0x08010548       0xf0 ..\obj\MPU6050.o
                0x08010548                MPU6050_ConfigMag
 .text.MPU6050_Aux_Bypass_Enable
                0x08010638       0x20 ..\obj\MPU6050.o
                0x08010638                MPU6050_Aux_Bypass_Enable
 .text.MPU6050_GetRawAccelGyroMag
                0x08010658      0x1a0 ..\obj\MPU6050.o
                0x08010658                MPU6050_GetRawAccelGyroMag
 .text.MPU6050_I2C_Reboot
                0x080107f8       0x14 ..\obj\MPU6050.o
                0x080107f8                MPU6050_I2C_Reboot
 .text.zero_air_speed_calculate
                0x0801080c       0x78 ..\obj\air_speed.o
                0x0801080c                zero_air_speed_calculate
 *fill*         0x08010884        0x4 
 .text.air_speed_indicator
                0x08010888      0x130 ..\obj\air_speed.o
                0x08010888                air_speed_indicator
 .text.pvPortMalloc
                0x080109b8       0x8c ..\obj\heap_1.o
                0x080109b8                pvPortMalloc
 .text.vPortFree
                0x08010a44       0x1c ..\obj\heap_1.o
                0x08010a44                vPortFree
 .text.USBD_CtlSendData
                0x08010a60       0x40 ..\obj\usbd_ioreq.o
                0x08010a60                USBD_CtlSendData
 .text.USBD_CtlContinueSendData
                0x08010aa0       0x28 ..\obj\usbd_ioreq.o
                0x08010aa0                USBD_CtlContinueSendData
 .text.USBD_CtlContinueRx
                0x08010ac8       0x28 ..\obj\usbd_ioreq.o
                0x08010ac8                USBD_CtlContinueRx
 .text.USBD_CtlSendStatus
                0x08010af0       0x30 ..\obj\usbd_ioreq.o
                0x08010af0                USBD_CtlSendStatus
 .text.USBD_CtlReceiveStatus
                0x08010b20       0x30 ..\obj\usbd_ioreq.o
                0x08010b20                USBD_CtlReceiveStatus
 .text.TIM_TimeBaseInit
                0x08010b50       0xd4 ..\obj\stm32f4xx_tim.o
                0x08010b50                TIM_TimeBaseInit
 .text.TIM_TimeBaseStructInit
                0x08010c24       0x34 ..\obj\stm32f4xx_tim.o
                0x08010c24                TIM_TimeBaseStructInit
 .text.TIM_ARRPreloadConfig
                0x08010c58       0x40 ..\obj\stm32f4xx_tim.o
                0x08010c58                TIM_ARRPreloadConfig
 .text.TIM_Cmd  0x08010c98       0x40 ..\obj\stm32f4xx_tim.o
                0x08010c98                TIM_Cmd
 .text.TIM_OC1Init
                0x08010cd8       0xf4 ..\obj\stm32f4xx_tim.o
                0x08010cd8                TIM_OC1Init
 .text.TIM_OC2Init
                0x08010dcc      0x110 ..\obj\stm32f4xx_tim.o
                0x08010dcc                TIM_OC2Init
 .text.TIM_OC3Init
                0x08010edc      0x10c ..\obj\stm32f4xx_tim.o
                0x08010edc                TIM_OC3Init
 .text.TIM_OC4Init
                0x08010fe8       0xcc ..\obj\stm32f4xx_tim.o
                0x08010fe8                TIM_OC4Init
 .text.TIM_SetCompare1
                0x080110b4       0x1c ..\obj\stm32f4xx_tim.o
                0x080110b4                TIM_SetCompare1
 .text.TIM_SetCompare2
                0x080110d0       0x1c ..\obj\stm32f4xx_tim.o
                0x080110d0                TIM_SetCompare2
 .text.TIM_SetCompare3
                0x080110ec       0x1c ..\obj\stm32f4xx_tim.o
                0x080110ec                TIM_SetCompare3
 .text.TIM_SetCompare4
                0x08011108       0x1c ..\obj\stm32f4xx_tim.o
                0x08011108                TIM_SetCompare4
 .text.TIM_OC1PreloadConfig
                0x08011124       0x38 ..\obj\stm32f4xx_tim.o
                0x08011124                TIM_OC1PreloadConfig
 .text.TIM_OC2PreloadConfig
                0x0801115c       0x3c ..\obj\stm32f4xx_tim.o
                0x0801115c                TIM_OC2PreloadConfig
 .text.TIM_OC3PreloadConfig
                0x08011198       0x38 ..\obj\stm32f4xx_tim.o
                0x08011198                TIM_OC3PreloadConfig
 .text.TIM_OC4PreloadConfig
                0x080111d0       0x3c ..\obj\stm32f4xx_tim.o
                0x080111d0                TIM_OC4PreloadConfig
 .text.TIM_CtrlPWMOutputs
                0x0801120c       0x4c ..\obj\stm32f4xx_tim.o
                0x0801120c                TIM_CtrlPWMOutputs
 .text.TIM_SelectOutputTrigger
                0x08011258       0x38 ..\obj\stm32f4xx_tim.o
                0x08011258                TIM_SelectOutputTrigger
 .text.DBGMCU_Config
                0x08011290       0x3c ..\obj\stm32f4xx_dbgmcu.o
                0x08011290                DBGMCU_Config
 .text.cos      0x080112cc       0x84 c:/program files (x86)/gnu tools arm embedded/4.9 2014q4/bin/../lib/gcc/arm-none-eabi/4.9.3/../../../../arm-none-eabi/lib/armv7e-m/softfp\libm.a(lib_a-s_cos.o)
                0x080112cc                cos
 .text.sin      0x08011350       0x94 c:/program files (x86)/gnu tools arm embedded/4.9 2014q4/bin/../lib/gcc/arm-none-eabi/4.9.3/../../../../arm-none-eabi/lib/armv7e-m/softfp\libm.a(lib_a-s_sin.o)
                0x08011350                sin
 .text.asin     0x080113e4       0xa8 c:/program files (x86)/gnu tools arm embedded/4.9 2014q4/bin/../lib/gcc/arm-none-eabi/4.9.3/../../../../arm-none-eabi/lib/armv7e-m/softfp\libm.a(lib_a-w_asin.o)
                0x080113e4                asin
 .text.atan2    0x0801148c        0x4 c:/program files (x86)/gnu tools arm embedded/4.9 2014q4/bin/../lib/gcc/arm-none-eabi/4.9.3/../../../../arm-none-eabi/lib/armv7e-m/softfp\libm.a(lib_a-w_atan2.o)
                0x0801148c                atan2
 .text.pow      0x08011490      0x2f8 c:/program files (x86)/gnu tools arm embedded/4.9 2014q4/bin/../lib/gcc/arm-none-eabi/4.9.3/../../../../arm-none-eabi/lib/armv7e-m/softfp\libm.a(lib_a-w_pow.o)
                0x08011490                pow
 .text.sqrt     0x08011788       0xac c:/program files (x86)/gnu tools arm embedded/4.9 2014q4/bin/../lib/gcc/arm-none-eabi/4.9.3/../../../../arm-none-eabi/lib/armv7e-m/softfp\libm.a(lib_a-w_sqrt.o)
                0x08011788                sqrt
 *fill*         0x08011834        0x4 
 .text.__ieee754_asin
                0x08011838      0x468 c:/program files (x86)/gnu tools arm embedded/4.9 2014q4/bin/../lib/gcc/arm-none-eabi/4.9.3/../../../../arm-none-eabi/lib/armv7e-m/softfp\libm.a(lib_a-e_asin.o)
                0x08011838                __ieee754_asin
 .text.__ieee754_atan2
                0x08011ca0      0x208 c:/program files (x86)/gnu tools arm embedded/4.9 2014q4/bin/../lib/gcc/arm-none-eabi/4.9.3/../../../../arm-none-eabi/lib/armv7e-m/softfp\libm.a(lib_a-e_atan2.o)
                0x08011ca0                __ieee754_atan2
 .text.__ieee754_pow
                0x08011ea8      0xa98 c:/program files (x86)/gnu tools arm embedded/4.9 2014q4/bin/../lib/gcc/arm-none-eabi/4.9.3/../../../../arm-none-eabi/lib/armv7e-m/softfp\libm.a(lib_a-e_pow.o)
                0x08011ea8                __ieee754_pow
 .text.__ieee754_rem_pio2
                0x08012940      0x440 c:/program files (x86)/gnu tools arm embedded/4.9 2014q4/bin/../lib/gcc/arm-none-eabi/4.9.3/../../../../arm-none-eabi/lib/armv7e-m/softfp\libm.a(lib_a-e_rem_pio2.o)
                0x08012940                __ieee754_rem_pio2
 .text.__ieee754_sqrt
                0x08012d80      0x188 c:/program files (x86)/gnu tools arm embedded/4.9 2014q4/bin/../lib/gcc/arm-none-eabi/4.9.3/../../../../arm-none-eabi/lib/armv7e-m/softfp\libm.a(lib_a-e_sqrt.o)
                0x08012d80                __ieee754_sqrt
 .text.__kernel_cos
                0x08012f08      0x250 c:/program files (x86)/gnu tools arm embedded/4.9 2014q4/bin/../lib/gcc/arm-none-eabi/4.9.3/../../../../arm-none-eabi/lib/armv7e-m/softfp\libm.a(lib_a-k_cos.o)
                0x08012f08                __kernel_cos
 .text.__kernel_rem_pio2
                0x08013158      0x7d8 c:/program files (x86)/gnu tools arm embedded/4.9 2014q4/bin/../lib/gcc/arm-none-eabi/4.9.3/../../../../arm-none-eabi/lib/armv7e-m/softfp\libm.a(lib_a-k_rem_pio2.o)
                0x08013158                __kernel_rem_pio2
 .text.__kernel_sin
                0x08013930      0x170 c:/program files (x86)/gnu tools arm embedded/4.9 2014q4/bin/../lib/gcc/arm-none-eabi/4.9.3/../../../../arm-none-eabi/lib/armv7e-m/softfp\libm.a(lib_a-k_sin.o)
                0x08013930                __kernel_sin
 .text.atan     0x08013aa0      0x340 c:/program files (x86)/gnu tools arm embedded/4.9 2014q4/bin/../lib/gcc/arm-none-eabi/4.9.3/../../../../arm-none-eabi/lib/armv7e-m/softfp\libm.a(lib_a-s_atan.o)
                0x08013aa0                atan
 .text.fabs     0x08013de0        0x8 c:/program files (x86)/gnu tools arm embedded/4.9 2014q4/bin/../lib/gcc/arm-none-eabi/4.9.3/../../../../arm-none-eabi/lib/armv7e-m/softfp\libm.a(lib_a-s_fabs.o)
                0x08013de0                fabs
 .text.finite   0x08013de8        0xc c:/program files (x86)/gnu tools arm embedded/4.9 2014q4/bin/../lib/gcc/arm-none-eabi/4.9.3/../../../../arm-none-eabi/lib/armv7e-m/softfp\libm.a(lib_a-s_finite.o)
                0x08013de8                finite
 *fill*         0x08013df4        0x4 
 .text.floor    0x08013df8      0x110 c:/program files (x86)/gnu tools arm embedded/4.9 2014q4/bin/../lib/gcc/arm-none-eabi/4.9.3/../../../../arm-none-eabi/lib/armv7e-m/softfp\libm.a(lib_a-s_floor.o)
                0x08013df8                floor
 .text.__fpclassifyd
                0x08013f08       0x58 c:/program files (x86)/gnu tools arm embedded/4.9 2014q4/bin/../lib/gcc/arm-none-eabi/4.9.3/../../../../arm-none-eabi/lib/armv7e-m/softfp\libm.a(lib_a-s_fpclassify.o)
                0x08013f08                __fpclassifyd
 .text.matherr  0x08013f60        0x4 c:/program files (x86)/gnu tools arm embedded/4.9 2014q4/bin/../lib/gcc/arm-none-eabi/4.9.3/../../../../arm-none-eabi/lib/armv7e-m/softfp\libm.a(lib_a-s_matherr.o)
                0x08013f60                matherr
 .text.nan      0x08013f64        0xc c:/program files (x86)/gnu tools arm embedded/4.9 2014q4/bin/../lib/gcc/arm-none-eabi/4.9.3/../../../../arm-none-eabi/lib/armv7e-m/softfp\libm.a(lib_a-s_nan.o)
                0x08013f64                nan
 .text.rint     0x08013f70      0x118 c:/program files (x86)/gnu tools arm embedded/4.9 2014q4/bin/../lib/gcc/arm-none-eabi/4.9.3/../../../../arm-none-eabi/lib/armv7e-m/softfp\libm.a(lib_a-s_rint.o)
                0x08013f70                rint
 .text.scalbn   0x08014088      0x108 c:/program files (x86)/gnu tools arm embedded/4.9 2014q4/bin/../lib/gcc/arm-none-eabi/4.9.3/../../../../arm-none-eabi/lib/armv7e-m/softfp\libm.a(lib_a-s_scalbn.o)
                0x08014088                scalbn
 .text.copysign
                0x08014190       0x10 c:/program files (x86)/gnu tools arm embedded/4.9 2014q4/bin/../lib/gcc/arm-none-eabi/4.9.3/../../../../arm-none-eabi/lib/armv7e-m/softfp\libm.a(lib_a-s_copysign.o)
                0x08014190                copysign
 .text          0x080141a0      0x370 c:/program files (x86)/gnu tools arm embedded/4.9 2014q4/bin/../lib/gcc/arm-none-eabi/4.9.3/armv7e-m/softfp\libgcc.a(_arm_addsubdf3.o)
                0x080141a0                __aeabi_drsub
                0x080141a8                __aeabi_dsub
                0x080141a8                __subdf3
                0x080141ac                __aeabi_dadd
                0x080141ac                __adddf3
                0x08014424                __floatunsidf
                0x08014424                __aeabi_ui2d
                0x08014444                __floatsidf
                0x08014444                __aeabi_i2d
                0x08014468                __aeabi_f2d
                0x08014468                __extendsfdf2
                0x080144a4                __floatundidf
                0x080144a4                __aeabi_ul2d
                0x080144b4                __floatdidf
                0x080144b4                __aeabi_l2d
 .text          0x08014510      0x424 c:/program files (x86)/gnu tools arm embedded/4.9 2014q4/bin/../lib/gcc/arm-none-eabi/4.9.3/armv7e-m/softfp\libgcc.a(_arm_muldivdf3.o)
                0x08014510                __aeabi_dmul
                0x08014510                __muldf3
                0x08014764                __divdf3
                0x08014764                __aeabi_ddiv
 .text          0x08014934      0x110 c:/program files (x86)/gnu tools arm embedded/4.9 2014q4/bin/../lib/gcc/arm-none-eabi/4.9.3/armv7e-m/softfp\libgcc.a(_arm_cmpdf2.o)
                0x08014934                __gtdf2
                0x08014934                __gedf2
                0x0801493c                __ltdf2
                0x0801493c                __ledf2
                0x08014944                __nedf2
                0x08014944                __eqdf2
                0x08014944                __cmpdf2
                0x080149c0                __aeabi_cdrcmple
                0x080149d0                __aeabi_cdcmpeq
                0x080149d0                __aeabi_cdcmple
                0x080149e0                __aeabi_dcmpeq
                0x080149f4                __aeabi_dcmplt
                0x08014a08                __aeabi_dcmple
                0x08014a1c                __aeabi_dcmpge
                0x08014a30                __aeabi_dcmpgt
 .text          0x08014a44       0x50 c:/program files (x86)/gnu tools arm embedded/4.9 2014q4/bin/../lib/gcc/arm-none-eabi/4.9.3/armv7e-m/softfp\libgcc.a(_arm_fixdfsi.o)
                0x08014a44                __aeabi_d2iz
                0x08014a44                __fixdfsi
 .text          0x08014a94       0x40 c:/program files (x86)/gnu tools arm embedded/4.9 2014q4/bin/../lib/gcc/arm-none-eabi/4.9.3/armv7e-m/softfp\libgcc.a(_arm_fixunsdfsi.o)
                0x08014a94                __aeabi_d2uiz
                0x08014a94                __fixunsdfsi
 .text          0x08014ad4       0xa0 c:/program files (x86)/gnu tools arm embedded/4.9 2014q4/bin/../lib/gcc/arm-none-eabi/4.9.3/armv7e-m/softfp\libgcc.a(_arm_truncdfsf2.o)
                0x08014ad4                __truncdfsf2
                0x08014ad4                __aeabi_d2f
 .text          0x08014b74      0x21c c:/program files (x86)/gnu tools arm embedded/4.9 2014q4/bin/../lib/gcc/arm-none-eabi/4.9.3/armv7e-m/softfp\libgcc.a(_arm_addsubsf3.o)
                0x08014b74                __aeabi_frsub
                0x08014b7c                __subsf3
                0x08014b7c                __aeabi_fsub
                0x08014b80                __aeabi_fadd
                0x08014b80                __addsf3
                0x08014ce0                __aeabi_ui2f
                0x08014ce0                __floatunsisf
                0x08014ce8                __aeabi_i2f
                0x08014ce8                __floatsisf
                0x08014d04                __aeabi_ul2f
                0x08014d04                __floatundisf
                0x08014d14                __aeabi_l2f
                0x08014d14                __floatdisf
 .text.__errno  0x08014d90        0xc c:/program files (x86)/gnu tools arm embedded/4.9 2014q4/bin/../lib/gcc/arm-none-eabi/4.9.3/../../../../arm-none-eabi/lib/armv7e-m/softfp\libg.a(lib_a-errno.o)
                0x08014d90                __errno
 .text          0x08014d9c      0x134 c:/program files (x86)/gnu tools arm embedded/4.9 2014q4/bin/../lib/gcc/arm-none-eabi/4.9.3/../../../../arm-none-eabi/lib/armv7e-m/softfp\libg.a(lib_a-memcpy.o)
                0x08014d9c                memcpy
 .text.memset   0x08014ed0       0x9c c:/program files (x86)/gnu tools arm embedded/4.9 2014q4/bin/../lib/gcc/arm-none-eabi/4.9.3/../../../../arm-none-eabi/lib/armv7e-m/softfp\libg.a(lib_a-memset.o)
                0x08014ed0                memset
 .text.sprintf  0x08014f6c       0x4c c:/program files (x86)/gnu tools arm embedded/4.9 2014q4/bin/../lib/gcc/arm-none-eabi/4.9.3/../../../../arm-none-eabi/lib/armv7e-m/softfp\libg.a(lib_a-sprintf.o)
                0x08014f6c                sprintf
 .text.strcat   0x08014fb8       0x40 c:/program files (x86)/gnu tools arm embedded/4.9 2014q4/bin/../lib/gcc/arm-none-eabi/4.9.3/../../../../arm-none-eabi/lib/armv7e-m/softfp\libg.a(lib_a-strcat.o)
                0x08014fb8                strcat
 .text.strcpy   0x08014ff8       0xbc c:/program files (x86)/gnu tools arm embedded/4.9 2014q4/bin/../lib/gcc/arm-none-eabi/4.9.3/../../../../arm-none-eabi/lib/armv7e-m/softfp\libg.a(lib_a-strcpy.o)
                0x08014ff8                strcpy
 *fill*         0x080150b4        0x4 
 .text._svfprintf_r
                0x080150b8     0x14d0 c:/program files (x86)/gnu tools arm embedded/4.9 2014q4/bin/../lib/gcc/arm-none-eabi/4.9.3/../../../../arm-none-eabi/lib/armv7e-m/softfp\libg.a(lib_a-svfprintf.o)
                0x080150b8                _svfprintf_r
 .text.quorem   0x08016588      0x12c c:/program files (x86)/gnu tools arm embedded/4.9 2014q4/bin/../lib/gcc/arm-none-eabi/4.9.3/../../../../arm-none-eabi/lib/armv7e-m/softfp\libg.a(lib_a-dtoa.o)
 *fill*         0x080166b4        0x4 
 .text._dtoa_r  0x080166b8      0xe90 c:/program files (x86)/gnu tools arm embedded/4.9 2014q4/bin/../lib/gcc/arm-none-eabi/4.9.3/../../../../arm-none-eabi/lib/armv7e-m/softfp\libg.a(lib_a-dtoa.o)
                0x080166b8                _dtoa_r
 .text._localeconv_r
                0x08017548        0x8 c:/program files (x86)/gnu tools arm embedded/4.9 2014q4/bin/../lib/gcc/arm-none-eabi/4.9.3/../../../../arm-none-eabi/lib/armv7e-m/softfp\libg.a(lib_a-locale.o)
                0x08017548                _localeconv_r
 .text._malloc_r
                0x08017550      0x51c c:/program files (x86)/gnu tools arm embedded/4.9 2014q4/bin/../lib/gcc/arm-none-eabi/4.9.3/../../../../arm-none-eabi/lib/armv7e-m/softfp\libg.a(lib_a-mallocr.o)
                0x08017550                _malloc_r
 .text.memchr   0x08017a6c       0x94 c:/program files (x86)/gnu tools arm embedded/4.9 2014q4/bin/../lib/gcc/arm-none-eabi/4.9.3/../../../../arm-none-eabi/lib/armv7e-m/softfp\libg.a(lib_a-memchr.o)
                0x08017a6c                memchr
 .text.__malloc_lock
                0x08017b00        0x4 c:/program files (x86)/gnu tools arm embedded/4.9 2014q4/bin/../lib/gcc/arm-none-eabi/4.9.3/../../../../arm-none-eabi/lib/armv7e-m/softfp\libg.a(lib_a-mlock.o)
                0x08017b00                __malloc_lock
 .text.__malloc_unlock
                0x08017b04        0x4 c:/program files (x86)/gnu tools arm embedded/4.9 2014q4/bin/../lib/gcc/arm-none-eabi/4.9.3/../../../../arm-none-eabi/lib/armv7e-m/softfp\libg.a(lib_a-mlock.o)
                0x08017b04                __malloc_unlock
 .text._Balloc  0x08017b08       0x4c c:/program files (x86)/gnu tools arm embedded/4.9 2014q4/bin/../lib/gcc/arm-none-eabi/4.9.3/../../../../arm-none-eabi/lib/armv7e-m/softfp\libg.a(lib_a-mprec.o)
                0x08017b08                _Balloc
 .text._Bfree   0x08017b54       0x14 c:/program files (x86)/gnu tools arm embedded/4.9 2014q4/bin/../lib/gcc/arm-none-eabi/4.9.3/../../../../arm-none-eabi/lib/armv7e-m/softfp\libg.a(lib_a-mprec.o)
                0x08017b54                _Bfree
 .text.__multadd
                0x08017b68       0x84 c:/program files (x86)/gnu tools arm embedded/4.9 2014q4/bin/../lib/gcc/arm-none-eabi/4.9.3/../../../../arm-none-eabi/lib/armv7e-m/softfp\libg.a(lib_a-mprec.o)
                0x08017b68                __multadd
 .text.__hi0bits
                0x08017bec       0x40 c:/program files (x86)/gnu tools arm embedded/4.9 2014q4/bin/../lib/gcc/arm-none-eabi/4.9.3/../../../../arm-none-eabi/lib/armv7e-m/softfp\libg.a(lib_a-mprec.o)
                0x08017bec                __hi0bits
 .text.__lo0bits
                0x08017c2c       0x5c c:/program files (x86)/gnu tools arm embedded/4.9 2014q4/bin/../lib/gcc/arm-none-eabi/4.9.3/../../../../arm-none-eabi/lib/armv7e-m/softfp\libg.a(lib_a-mprec.o)
                0x08017c2c                __lo0bits
 .text.__i2b    0x08017c88       0x14 c:/program files (x86)/gnu tools arm embedded/4.9 2014q4/bin/../lib/gcc/arm-none-eabi/4.9.3/../../../../arm-none-eabi/lib/armv7e-m/softfp\libg.a(lib_a-mprec.o)
                0x08017c88                __i2b
 .text.__multiply
                0x08017c9c      0x134 c:/program files (x86)/gnu tools arm embedded/4.9 2014q4/bin/../lib/gcc/arm-none-eabi/4.9.3/../../../../arm-none-eabi/lib/armv7e-m/softfp\libg.a(lib_a-mprec.o)
                0x08017c9c                __multiply
 .text.__pow5mult
                0x08017dd0       0xa0 c:/program files (x86)/gnu tools arm embedded/4.9 2014q4/bin/../lib/gcc/arm-none-eabi/4.9.3/../../../../arm-none-eabi/lib/armv7e-m/softfp\libg.a(lib_a-mprec.o)
                0x08017dd0                __pow5mult
 .text.__lshift
                0x08017e70       0xac c:/program files (x86)/gnu tools arm embedded/4.9 2014q4/bin/../lib/gcc/arm-none-eabi/4.9.3/../../../../arm-none-eabi/lib/armv7e-m/softfp\libg.a(lib_a-mprec.o)
                0x08017e70                __lshift
 .text.__mcmp   0x08017f1c       0x48 c:/program files (x86)/gnu tools arm embedded/4.9 2014q4/bin/../lib/gcc/arm-none-eabi/4.9.3/../../../../arm-none-eabi/lib/armv7e-m/softfp\libg.a(lib_a-mprec.o)
                0x08017f1c                __mcmp
 .text.__mdiff  0x08017f64       0xd4 c:/program files (x86)/gnu tools arm embedded/4.9 2014q4/bin/../lib/gcc/arm-none-eabi/4.9.3/../../../../arm-none-eabi/lib/armv7e-m/softfp\libg.a(lib_a-mprec.o)
                0x08017f64                __mdiff
 .text.__d2b    0x08018038       0xb8 c:/program files (x86)/gnu tools arm embedded/4.9 2014q4/bin/../lib/gcc/arm-none-eabi/4.9.3/../../../../arm-none-eabi/lib/armv7e-m/softfp\libg.a(lib_a-mprec.o)
                0x08018038                __d2b
 .text._sbrk_r  0x080180f0       0x24 c:/program files (x86)/gnu tools arm embedded/4.9 2014q4/bin/../lib/gcc/arm-none-eabi/4.9.3/../../../../arm-none-eabi/lib/armv7e-m/softfp\libg.a(lib_a-sbrkr.o)
                0x080180f0                _sbrk_r
 .text.strlen   0x08018114       0x5c c:/program files (x86)/gnu tools arm embedded/4.9 2014q4/bin/../lib/gcc/arm-none-eabi/4.9.3/../../../../arm-none-eabi/lib/armv7e-m/softfp\libg.a(lib_a-strlen.o)
                0x08018114                strlen
 .text.__ssprint_r
                0x08018170      0x104 c:/program files (x86)/gnu tools arm embedded/4.9 2014q4/bin/../lib/gcc/arm-none-eabi/4.9.3/../../../../arm-none-eabi/lib/armv7e-m/softfp\libg.a(lib_a-svfiprintf.o)
                0x08018170                __ssprint_r
 .text._calloc_r
                0x08018274       0x60 c:/program files (x86)/gnu tools arm embedded/4.9 2014q4/bin/../lib/gcc/arm-none-eabi/4.9.3/../../../../arm-none-eabi/lib/armv7e-m/softfp\libg.a(lib_a-callocr.o)
                0x08018274                _calloc_r
 .text._malloc_trim_r
                0x080182d4       0x9c c:/program files (x86)/gnu tools arm embedded/4.9 2014q4/bin/../lib/gcc/arm-none-eabi/4.9.3/../../../../arm-none-eabi/lib/armv7e-m/softfp\libg.a(lib_a-freer.o)
                0x080182d4                _malloc_trim_r
 .text._free_r  0x08018370      0x1b0 c:/program files (x86)/gnu tools arm embedded/4.9 2014q4/bin/../lib/gcc/arm-none-eabi/4.9.3/../../../../arm-none-eabi/lib/armv7e-m/softfp\libg.a(lib_a-freer.o)
                0x08018370                _free_r
 .text.memmove  0x08018520       0xc8 c:/program files (x86)/gnu tools arm embedded/4.9 2014q4/bin/../lib/gcc/arm-none-eabi/4.9.3/../../../../arm-none-eabi/lib/armv7e-m/softfp\libg.a(lib_a-memmove.o)
                0x08018520                memmove
 .text._realloc_r
                0x080185e8      0x3ec c:/program files (x86)/gnu tools arm embedded/4.9 2014q4/bin/../lib/gcc/arm-none-eabi/4.9.3/../../../../arm-none-eabi/lib/armv7e-m/softfp\libg.a(lib_a-reallocr.o)
                0x080185e8                _realloc_r
 .text          0x080189d4       0x2c c:/program files (x86)/gnu tools arm embedded/4.9 2014q4/bin/../lib/gcc/arm-none-eabi/4.9.3/armv7e-m/softfp\libgcc.a(_aeabi_uldivmod.o)
                0x080189d4                __aeabi_uldivmod
 .text          0x08018a00       0x60 c:/program files (x86)/gnu tools arm embedded/4.9 2014q4/bin/../lib/gcc/arm-none-eabi/4.9.3/armv7e-m/softfp\libgcc.a(bpabi.o)
                0x08018a00                __gnu_ldivmod_helper
                0x08018a30                __gnu_uldivmod_helper
 .text          0x08018a60        0x4 c:/program files (x86)/gnu tools arm embedded/4.9 2014q4/bin/../lib/gcc/arm-none-eabi/4.9.3/armv7e-m/softfp\libgcc.a(_dvmd_tls.o)
                0x08018a60                __aeabi_idiv0
                0x08018a60                __aeabi_ldiv0
 .text          0x08018a64      0x29c c:/program files (x86)/gnu tools arm embedded/4.9 2014q4/bin/../lib/gcc/arm-none-eabi/4.9.3/armv7e-m/softfp\libgcc.a(_divdi3.o)
                0x08018a64                __divdi3
 .text          0x08018d00      0x26c c:/program files (x86)/gnu tools arm embedded/4.9 2014q4/bin/../lib/gcc/arm-none-eabi/4.9.3/armv7e-m/softfp\libgcc.a(_udivdi3.o)
                0x08018d00                __udivdi3
 *(.init)
 *(.fini)
 *crtbegin.o(.ctors)
 *crtbegin?.o(.ctors)
 *(EXCLUDE_FILE(*crtend.o *crtend?.o) .ctors)
 *(SORT(.ctors.*))
 *(.ctors)
 *crtbegin.o(.dtors)
 *crtbegin?.o(.dtors)
 *(EXCLUDE_FILE(*crtend.o *crtend?.o) .dtors)
 *(SORT(.dtors.*))
 *(.dtors)
 *(.rodata*)
 .rodata        0x08018f6c       0x2c ..\obj\main.o
                0x08018f6c                firmware_version
 .rodata        0x08018f98        0x8 ..\obj\timers.o
 .rodata        0x08018fa0      0x32c ..\obj\log.o
 .rodata        0x080192cc        0x8 ..\obj\tasks.o
 .rodata        0x080192d4       0x40 ..\obj\debug.o
 .rodata        0x08019314       0x10 ..\obj\ff.o
 .rodata.str1.4
                0x08019324        0x5 c:/program files (x86)/gnu tools arm embedded/4.9 2014q4/bin/../lib/gcc/arm-none-eabi/4.9.3/../../../../arm-none-eabi/lib/armv7e-m/softfp\libm.a(lib_a-w_asin.o)
                                  0xc (size before relaxing)
 *fill*         0x08019329        0x3 
 .rodata.str1.4
                0x0801932c        0x4 c:/program files (x86)/gnu tools arm embedded/4.9 2014q4/bin/../lib/gcc/arm-none-eabi/4.9.3/../../../../arm-none-eabi/lib/armv7e-m/softfp\libm.a(lib_a-w_pow.o)
 .rodata.str1.4
                0x08019330        0x5 c:/program files (x86)/gnu tools arm embedded/4.9 2014q4/bin/../lib/gcc/arm-none-eabi/4.9.3/../../../../arm-none-eabi/lib/armv7e-m/softfp\libm.a(lib_a-w_sqrt.o)
                                  0x8 (size before relaxing)
 *fill*         0x08019335        0x3 
 .rodata.dp_h   0x08019338       0x10 c:/program files (x86)/gnu tools arm embedded/4.9 2014q4/bin/../lib/gcc/arm-none-eabi/4.9.3/../../../../arm-none-eabi/lib/armv7e-m/softfp\libm.a(lib_a-e_pow.o)
 .rodata.dp_l   0x08019348       0x10 c:/program files (x86)/gnu tools arm embedded/4.9 2014q4/bin/../lib/gcc/arm-none-eabi/4.9.3/../../../../arm-none-eabi/lib/armv7e-m/softfp\libm.a(lib_a-e_pow.o)
 .rodata.bp     0x08019358       0x10 c:/program files (x86)/gnu tools arm embedded/4.9 2014q4/bin/../lib/gcc/arm-none-eabi/4.9.3/../../../../arm-none-eabi/lib/armv7e-m/softfp\libm.a(lib_a-e_pow.o)
 .rodata.str1.4
                0x00000000        0x4 c:/program files (x86)/gnu tools arm embedded/4.9 2014q4/bin/../lib/gcc/arm-none-eabi/4.9.3/../../../../arm-none-eabi/lib/armv7e-m/softfp\libm.a(lib_a-e_pow.o)
 .rodata.npio2_hw
                0x08019368       0x80 c:/program files (x86)/gnu tools arm embedded/4.9 2014q4/bin/../lib/gcc/arm-none-eabi/4.9.3/../../../../arm-none-eabi/lib/armv7e-m/softfp\libm.a(lib_a-e_rem_pio2.o)
 .rodata.two_over_pi
                0x080193e8      0x108 c:/program files (x86)/gnu tools arm embedded/4.9 2014q4/bin/../lib/gcc/arm-none-eabi/4.9.3/../../../../arm-none-eabi/lib/armv7e-m/softfp\libm.a(lib_a-e_rem_pio2.o)
 .rodata.init_jk
                0x080194f0       0x10 c:/program files (x86)/gnu tools arm embedded/4.9 2014q4/bin/../lib/gcc/arm-none-eabi/4.9.3/../../../../arm-none-eabi/lib/armv7e-m/softfp\libm.a(lib_a-k_rem_pio2.o)
 .rodata.PIo2   0x08019500       0x40 c:/program files (x86)/gnu tools arm embedded/4.9 2014q4/bin/../lib/gcc/arm-none-eabi/4.9.3/../../../../arm-none-eabi/lib/armv7e-m/softfp\libm.a(lib_a-k_rem_pio2.o)
 .rodata.atanlo
                0x08019540       0x20 c:/program files (x86)/gnu tools arm embedded/4.9 2014q4/bin/../lib/gcc/arm-none-eabi/4.9.3/../../../../arm-none-eabi/lib/armv7e-m/softfp\libm.a(lib_a-s_atan.o)
 .rodata.atanhi
                0x08019560       0x20 c:/program files (x86)/gnu tools arm embedded/4.9 2014q4/bin/../lib/gcc/arm-none-eabi/4.9.3/../../../../arm-none-eabi/lib/armv7e-m/softfp\libm.a(lib_a-s_atan.o)
 .rodata.TWO52  0x08019580       0x10 c:/program files (x86)/gnu tools arm embedded/4.9 2014q4/bin/../lib/gcc/arm-none-eabi/4.9.3/../../../../arm-none-eabi/lib/armv7e-m/softfp\libm.a(lib_a-s_rint.o)
 .rodata.str1.4
                0x08019590        0x2 c:/program files (x86)/gnu tools arm embedded/4.9 2014q4/bin/../lib/gcc/arm-none-eabi/4.9.3/../../../../arm-none-eabi/lib/armv7e-m/softfp\libg.a(lib_a-impure.o)
                                  0x4 (size before relaxing)
 *fill*         0x08019592        0x2 
 .rodata.blanks.6794
                0x08019594       0x10 c:/program files (x86)/gnu tools arm embedded/4.9 2014q4/bin/../lib/gcc/arm-none-eabi/4.9.3/../../../../arm-none-eabi/lib/armv7e-m/softfp\libg.a(lib_a-svfprintf.o)
 .rodata.str1.4
                0x080195a4       0x42 c:/program files (x86)/gnu tools arm embedded/4.9 2014q4/bin/../lib/gcc/arm-none-eabi/4.9.3/../../../../arm-none-eabi/lib/armv7e-m/softfp\libg.a(lib_a-svfprintf.o)
                                 0x44 (size before relaxing)
 *fill*         0x080195e6        0x2 
 .rodata.zeroes.6795
                0x080195e8       0x10 c:/program files (x86)/gnu tools arm embedded/4.9 2014q4/bin/../lib/gcc/arm-none-eabi/4.9.3/../../../../arm-none-eabi/lib/armv7e-m/softfp\libg.a(lib_a-svfprintf.o)
 .rodata.str1.4
                0x080195f8       0x10 c:/program files (x86)/gnu tools arm embedded/4.9 2014q4/bin/../lib/gcc/arm-none-eabi/4.9.3/../../../../arm-none-eabi/lib/armv7e-m/softfp\libg.a(lib_a-dtoa.o)
                                 0x14 (size before relaxing)
 .rodata.str1.4
                0x08019608        0xc c:/program files (x86)/gnu tools arm embedded/4.9 2014q4/bin/../lib/gcc/arm-none-eabi/4.9.3/../../../../arm-none-eabi/lib/armv7e-m/softfp\libg.a(lib_a-locale.o)
                                 0x14 (size before relaxing)
 *fill*         0x08019614        0x4 
 .rodata.__mprec_tens
                0x08019618       0xc8 c:/program files (x86)/gnu tools arm embedded/4.9 2014q4/bin/../lib/gcc/arm-none-eabi/4.9.3/../../../../arm-none-eabi/lib/armv7e-m/softfp\libg.a(lib_a-mprec.o)
                0x08019618                __mprec_tens
 .rodata.__mprec_bigtens
                0x080196e0       0x28 c:/program files (x86)/gnu tools arm embedded/4.9 2014q4/bin/../lib/gcc/arm-none-eabi/4.9.3/../../../../arm-none-eabi/lib/armv7e-m/softfp\libg.a(lib_a-mprec.o)
                0x080196e0                __mprec_bigtens
 .rodata.p05.5265
                0x08019708        0xc c:/program files (x86)/gnu tools arm embedded/4.9 2014q4/bin/../lib/gcc/arm-none-eabi/4.9.3/../../../../arm-none-eabi/lib/armv7e-m/softfp\libg.a(lib_a-mprec.o)
 *(.eh_fram e*)

.glue_7         0x08019714        0x0
 .glue_7        0x00000000        0x0 linker stubs

.glue_7t        0x08019714        0x0
 .glue_7t       0x00000000        0x0 linker stubs

.vfp11_veneer   0x08019714        0x0
 .vfp11_veneer  0x00000000        0x0 linker stubs

.v4_bx          0x08019714        0x0
 .v4_bx         0x00000000        0x0 linker stubs

.iplt           0x08019714        0x0
 .iplt          0x00000000        0x0 ..\obj\MS5611.o

.ARM.extab
 *(.ARM.extab* .gnu.linkonce.armextab.*)
                0x08019714                __exidx_start = .

.ARM.exidx      0x08019714        0x8
 *(.ARM.exidx* .gnu.linkonce.armexidx.*)
 .ARM.exidx     0x08019714        0x8 c:/program files (x86)/gnu tools arm embedded/4.9 2014q4/bin/../lib/gcc/arm-none-eabi/4.9.3/armv7e-m/softfp\libgcc.a(_divdi3.o)
 .ARM.exidx     0x0801971c        0x0 c:/program files (x86)/gnu tools arm embedded/4.9 2014q4/bin/../lib/gcc/arm-none-eabi/4.9.3/armv7e-m/softfp\libgcc.a(_udivdi3.o)
                                  0x8 (size before relaxing)
                0x0801971c                __exidx_end = .
                0x0801971c                __etext = .
                0x0801971c                _sidata = __etext

.rel.dyn        0x0801971c        0x0
 .rel.iplt      0x00000000        0x0 ..\obj\MS5611.o

.data           0x20000000      0x96c load address 0x0801971c
                0x20000000                __data_start__ = .
                0x20000000                _sdata = __data_start__
 *(vtable)
 *(.data*)
 .data          0x20000000        0x8 ..\obj\MS5611.o
                0x20000000                pressure
                0x20000004                BaroAlt
 .data          0x20000008        0x1 ..\obj\loops.o
                0x20000008                excitation_channel
 *fill*         0x20000009        0x3 
 .data          0x2000000c       0x30 ..\obj\usbd_core.o
                0x2000000c                USBD_DCD_INT_cb
                0x20000038                USBD_DCD_INT_fops
 .data          0x2000003c        0x1 ..\obj\ublox.o
                0x2000003c                _nav_setting
 *fill*         0x2000003d        0x3 
 .data          0x20000040       0x10 ..\obj\stm32f4xx_rcc.o
 .data          0x20000050       0x74 ..\obj\arduimu.o
                0x20000050                G_Dt
                0x20000054                errorCourse
                0x20000058                DCM_Matrix
                0x2000007c                Update_Matrix
                0x200000a0                SENSOR_SIGN
 .data          0x200000c4       0x10 ..\obj\log.o
                0x200000c4                file_name
                0x200000d2                log_buff_status
 .data          0x200000d4        0x4 ..\obj\tasks.o
 .data          0x200000d8       0x14 ..\obj\system_stm32f4xx.o
                0x200000d8                SystemCoreClock
                0x200000dc                AHBPrescTable
 .data          0x200000ec        0x4 ..\obj\gps.o
                0x200000ec                nav_dt
 .data          0x200000f0        0x4 ..\obj\port.o
 .data.__fdlib_version
                0x200000f4        0x1 c:/program files (x86)/gnu tools arm embedded/4.9 2014q4/bin/../lib/gcc/arm-none-eabi/4.9.3/../../../../arm-none-eabi/lib/armv7e-m/softfp\libm.a(lib_a-s_lib_ver.o)
                0x200000f4                __fdlib_version
 *fill*         0x200000f5        0x3 
 .data.impure_data
                0x200000f8      0x428 c:/program files (x86)/gnu tools arm embedded/4.9 2014q4/bin/../lib/gcc/arm-none-eabi/4.9.3/../../../../arm-none-eabi/lib/armv7e-m/softfp\libg.a(lib_a-impure.o)
 .data._impure_ptr
                0x20000520        0x4 c:/program files (x86)/gnu tools arm embedded/4.9 2014q4/bin/../lib/gcc/arm-none-eabi/4.9.3/../../../../arm-none-eabi/lib/armv7e-m/softfp\libg.a(lib_a-impure.o)
                0x20000520                _impure_ptr
 .data.lconv    0x20000524       0x38 c:/program files (x86)/gnu tools arm embedded/4.9 2014q4/bin/../lib/gcc/arm-none-eabi/4.9.3/../../../../arm-none-eabi/lib/armv7e-m/softfp\libg.a(lib_a-locale.o)
 .data.__malloc_av_
                0x2000055c      0x408 c:/program files (x86)/gnu tools arm embedded/4.9 2014q4/bin/../lib/gcc/arm-none-eabi/4.9.3/../../../../arm-none-eabi/lib/armv7e-m/softfp\libg.a(lib_a-mallocr.o)
                0x2000055c                __malloc_av_
 .data.__malloc_trim_threshold
                0x20000964        0x4 c:/program files (x86)/gnu tools arm embedded/4.9 2014q4/bin/../lib/gcc/arm-none-eabi/4.9.3/../../../../arm-none-eabi/lib/armv7e-m/softfp\libg.a(lib_a-mallocr.o)
                0x20000964                __malloc_trim_threshold
 .data.__malloc_sbrk_base
                0x20000968        0x4 c:/program files (x86)/gnu tools arm embedded/4.9 2014q4/bin/../lib/gcc/arm-none-eabi/4.9.3/../../../../arm-none-eabi/lib/armv7e-m/softfp\libg.a(lib_a-mallocr.o)
                0x20000968                __malloc_sbrk_base
                0x2000096c                . = ALIGN (0x4)
                0x2000096c                PROVIDE (__preinit_array_start, .)
 *(.preinit_array)
                0x2000096c                PROVIDE (__preinit_array_end, .)
                0x2000096c                . = ALIGN (0x4)
                0x2000096c                PROVIDE (__init_array_start, .)
 *(SORT(.init_array.*))
 *(.init_array)
                0x2000096c                PROVIDE (__init_array_end, .)
                0x2000096c                . = ALIGN (0x4)
                0x2000096c                PROVIDE (__fini_array_start, .)
 *(SORT(.fini_array.*))
 *(.fini_array)
                0x2000096c                PROVIDE (__fini_array_end, .)
 *(.jcr*)
                0x2000096c                . = ALIGN (0x4)
                0x2000096c                __data_end__ = .
                0x2000096c                _edata = __data_end__

.igot.plt       0x2000096c        0x0 load address 0x0801a088
 .igot.plt      0x00000000        0x0 ..\obj\MS5611.o

.bss            0x20000970    0x17514 load address 0x0801a090
                0x20000970                . = ALIGN (0x4)
                0x20000970                __bss_start__ = .
                0x20000970                _sbss = __bss_start__
 *(.bss*)
 .bss           0x20000970       0x28 ..\obj\MS5611.o
                0x20000970                temperature
                0x20000974                altitude
 .bss           0x20000998       0x1c ..\obj\loops.o
                0x20000998                roll_target
                0x2000099c                heading_target
                0x200009a0                flight_mode
                0x200009a2                excitation_offset
                0x200009a4                excitation_time
                0x200009a6                excitation_state
                0x200009a8                excitation_time_elapsed
                0x200009ac                excitation_time_old
                0x200009b0                excitation_type
 .bss           0x200009b4       0x18 ..\obj\DCM.o
 .bss           0x200009cc        0x4 ..\obj\power_propulsion.o
                0x200009cc                motor_current
 .bss           0x200009d0       0x48 ..\obj\stm32f4_discovery_sdio_sd.o
                0x20000a08                StopCondition